C:\Microchip\hailo-stereo\src\train.py:379: UserWarning: Detected call of `lr_scheduler.step()` before `optimizer.step()`. In PyTorch 1.1.0 and later, you should call them in the opposite order: `optimizer.step()` before `lr_scheduler.step()`.  Failure to do this will result in PyTorch skipping the first value of the learning rate schedule. See more details at https://pytorch.org/docs/stable/optim.html#how-to-adjust-learning-rate
  sched.step()
kitti_mixed: 160 KITTI 2015 + 194 KITTI 2012 = 354 training frames (val stays the KITTI 2015 40)
disparity-aware sampling: 178 KITTI frames with GT >= 80 px weighted 3.0x, crops biased toward those rows
initialised strictly from runs/sceneflow_border/best.pt
device cuda | train 354 | val 40 | crop 320x768 | batch 4
  epoch   0 step     0/88 loss 51.6470 lr 4.00e-06
  epoch   0 step    50/88 loss 35.2549 lr 4.09e-06
epoch   0 | loss 33.5037 | val EPE 3.673 px | D1 30.98% | 23s (ema)
  new best EPE 3.673 px -> runs\kitti_mixed_sampled768\best.pt
  epoch   1 step     0/88 loss 48.9585 lr 4.27e-06
  epoch   1 step    50/88 loss 29.7453 lr 4.66e-06
epoch   1 | loss 27.4781 | val EPE 3.683 px | D1 30.82% | 19s (ema)
  epoch   2 step     0/88 loss 27.3351 lr 5.06e-06
  epoch   2 step    50/88 loss 21.9987 lr 5.74e-06
epoch   2 | loss 21.5947 | val EPE 3.665 px | D1 30.59% | 17s (ema)
  new best EPE 3.665 px -> runs\kitti_mixed_sampled768\best.pt
  epoch   3 step     0/88 loss 12.1330 lr 6.37e-06
  epoch   3 step    50/88 loss 16.9961 lr 7.34e-06
epoch   3 | loss 15.7985 | val EPE 3.606 px | D1 30.19% | 17s (ema)
  new best EPE 3.606 px -> runs\kitti_mixed_sampled768\best.pt
  epoch   4 step     0/88 loss 15.0107 lr 8.18e-06
  epoch   4 step    50/88 loss 12.1446 lr 9.42e-06
epoch   4 | loss 11.8406 | val EPE 3.495 px | D1 29.44% | 17s (ema)
  new best EPE 3.495 px -> runs\kitti_mixed_sampled768\best.pt
  epoch   5 step     0/88 loss 8.3053 lr 1.05e-05
  epoch   5 step    50/88 loss 8.9738 lr 1.20e-05
epoch   5 | loss 8.8068 | val EPE 3.341 px | D1 28.35% | 17s (ema)
  new best EPE 3.341 px -> runs\kitti_mixed_sampled768\best.pt
  epoch   6 step     0/88 loss 12.8082 lr 1.32e-05
  epoch   6 step    50/88 loss 7.5689 lr 1.50e-05
epoch   6 | loss 7.4433 | val EPE 3.156 px | D1 26.96% | 17s (ema)
  new best EPE 3.156 px -> runs\kitti_mixed_sampled768\best.pt
  epoch   7 step     0/88 loss 12.6626 lr 1.64e-05
  epoch   7 step    50/88 loss 6.4335 lr 1.84e-05
epoch   7 | loss 6.0793 | val EPE 2.959 px | D1 25.39% | 17s (ema)
  new best EPE 2.959 px -> runs\kitti_mixed_sampled768\best.pt
  epoch   8 step     0/88 loss 6.7643 lr 1.99e-05
  epoch   8 step    50/88 loss 5.4895 lr 2.21e-05
epoch   8 | loss 5.7505 | val EPE 2.763 px | D1 23.77% | 16s (ema)
  new best EPE 2.763 px -> runs\kitti_mixed_sampled768\best.pt
  epoch   9 step     0/88 loss 7.5378 lr 2.38e-05
  epoch   9 step    50/88 loss 5.4880 lr 2.62e-05
epoch   9 | loss 5.3225 | val EPE 2.595 px | D1 22.27% | 17s (ema)
  new best EPE 2.595 px -> runs\kitti_mixed_sampled768\best.pt
  epoch  10 step     0/88 loss 3.9035 lr 2.81e-05
  epoch  10 step    50/88 loss 4.9814 lr 3.06e-05
epoch  10 | loss 4.8713 | val EPE 2.457 px | D1 20.82% | 17s (ema)
  new best EPE 2.457 px -> runs\kitti_mixed_sampled768\best.pt
  epoch  11 step     0/88 loss 5.9869 lr 3.25e-05
  epoch  11 step    50/88 loss 4.5804 lr 3.52e-05
epoch  11 | loss 4.6063 | val EPE 2.340 px | D1 19.51% | 17s (ema)
  new best EPE 2.340 px -> runs\kitti_mixed_sampled768\best.pt
  epoch  12 step     0/88 loss 5.1703 lr 3.72e-05
  epoch  12 step    50/88 loss 4.6005 lr 4.00e-05
epoch  12 | loss 4.6738 | val EPE 2.240 px | D1 18.33% | 16s (ema)
  new best EPE 2.240 px -> runs\kitti_mixed_sampled768\best.pt
  epoch  13 step     0/88 loss 3.7951 lr 4.21e-05
  epoch  13 step    50/88 loss 4.2482 lr 4.49e-05
epoch  13 | loss 4.3812 | val EPE 2.153 px | D1 17.29% | 14s (ema)
  new best EPE 2.153 px -> runs\kitti_mixed_sampled768\best.pt
  epoch  14 step     0/88 loss 5.0635 lr 4.71e-05
  epoch  14 step    50/88 loss 4.2794 lr 4.99e-05
epoch  14 | loss 4.1912 | val EPE 2.076 px | D1 16.36% | 16s (ema)
  new best EPE 2.076 px -> runs\kitti_mixed_sampled768\best.pt
  epoch  15 step     0/88 loss 4.2593 lr 5.21e-05
  epoch  15 step    50/88 loss 4.2864 lr 5.49e-05
epoch  15 | loss 4.1355 | val EPE 2.008 px | D1 15.54% | 19s (ema)
  new best EPE 2.008 px -> runs\kitti_mixed_sampled768\best.pt
  epoch  16 step     0/88 loss 3.5816 lr 5.71e-05
  epoch  16 step    50/88 loss 4.1595 lr 5.99e-05
epoch  16 | loss 4.1943 | val EPE 1.950 px | D1 14.82% | 17s (ema)
  new best EPE 1.950 px -> runs\kitti_mixed_sampled768\best.pt
  epoch  17 step     0/88 loss 2.6089 lr 6.21e-05
  epoch  17 step    50/88 loss 3.8433 lr 6.48e-05
epoch  17 | loss 3.7732 | val EPE 1.899 px | D1 14.22% | 17s (ema)
  new best EPE 1.899 px -> runs\kitti_mixed_sampled768\best.pt
  epoch  18 step     0/88 loss 3.9903 lr 6.69e-05
  epoch  18 step    50/88 loss 3.8327 lr 6.96e-05
epoch  18 | loss 3.9046 | val EPE 1.856 px | D1 13.71% | 16s (ema)
  new best EPE 1.856 px -> runs\kitti_mixed_sampled768\best.pt
  epoch  19 step     0/88 loss 2.4482 lr 7.16e-05
  epoch  19 step    50/88 loss 3.7629 lr 7.42e-05
epoch  19 | loss 3.9209 | val EPE 1.817 px | D1 13.25% | 17s (ema)
  new best EPE 1.817 px -> runs\kitti_mixed_sampled768\best.pt
  epoch  20 step     0/88 loss 3.3892 lr 7.61e-05
  epoch  20 step    50/88 loss 3.7581 lr 7.85e-05
epoch  20 | loss 3.8149 | val EPE 1.781 px | D1 12.86% | 17s (ema)
  new best EPE 1.781 px -> runs\kitti_mixed_sampled768\best.pt
  epoch  21 step     0/88 loss 2.4047 lr 8.03e-05
  epoch  21 step    50/88 loss 3.4562 lr 8.25e-05
epoch  21 | loss 3.4801 | val EPE 1.749 px | D1 12.51% | 17s (ema)
  new best EPE 1.749 px -> runs\kitti_mixed_sampled768\best.pt
  epoch  22 step     0/88 loss 5.7486 lr 8.42e-05
  epoch  22 step    50/88 loss 3.7105 lr 8.63e-05
epoch  22 | loss 3.6385 | val EPE 1.721 px | D1 12.20% | 16s (ema)
  new best EPE 1.721 px -> runs\kitti_mixed_sampled768\best.pt
  epoch  23 step     0/88 loss 2.3537 lr 8.77e-05
  epoch  23 step    50/88 loss 3.5781 lr 8.96e-05
epoch  23 | loss 3.6098 | val EPE 1.696 px | D1 11.94% | 17s (ema)
  new best EPE 1.696 px -> runs\kitti_mixed_sampled768\best.pt
  epoch  24 step     0/88 loss 6.9306 lr 9.09e-05
  epoch  24 step    50/88 loss 3.6106 lr 9.25e-05
epoch  24 | loss 3.7824 | val EPE 1.668 px | D1 11.66% | 17s (ema)
  new best EPE 1.668 px -> runs\kitti_mixed_sampled768\best.pt
  epoch  25 step     0/88 loss 4.6953 lr 9.36e-05
  epoch  25 step    50/88 loss 3.4602 lr 9.50e-05
epoch  25 | loss 3.4135 | val EPE 1.643 px | D1 11.37% | 17s (ema)
  new best EPE 1.643 px -> runs\kitti_mixed_sampled768\best.pt
  epoch  26 step     0/88 loss 2.5690 lr 9.59e-05
  epoch  26 step    50/88 loss 3.1666 lr 9.70e-05
epoch  26 | loss 3.2673 | val EPE 1.622 px | D1 11.13% | 16s (ema)
  new best EPE 1.622 px -> runs\kitti_mixed_sampled768\best.pt
  epoch  27 step     0/88 loss 4.6426 lr 9.77e-05
  epoch  27 step    50/88 loss 3.3501 lr 9.85e-05
epoch  27 | loss 3.3786 | val EPE 1.602 px | D1 10.92% | 16s (ema)
  new best EPE 1.602 px -> runs\kitti_mixed_sampled768\best.pt
  epoch  28 step     0/88 loss 2.9019 lr 9.90e-05
  epoch  28 step    50/88 loss 3.1099 lr 9.95e-05
epoch  28 | loss 3.2912 | val EPE 1.586 px | D1 10.73% | 19s (ema)
  new best EPE 1.586 px -> runs\kitti_mixed_sampled768\best.pt
  epoch  29 step     0/88 loss 2.7688 lr 9.97e-05
  epoch  29 step    50/88 loss 3.2832 lr 1.00e-04
epoch  29 | loss 3.2925 | val EPE 1.570 px | D1 10.57% | 17s (ema)
  new best EPE 1.570 px -> runs\kitti_mixed_sampled768\best.pt
  epoch  30 step     0/88 loss 2.7070 lr 1.00e-04
  epoch  30 step    50/88 loss 3.0209 lr 1.00e-04
epoch  30 | loss 3.0863 | val EPE 1.555 px | D1 10.42% | 18s (ema)
  new best EPE 1.555 px -> runs\kitti_mixed_sampled768\best.pt
  epoch  31 step     0/88 loss 1.8390 lr 1.00e-04
  epoch  31 step    50/88 loss 3.1757 lr 1.00e-04
epoch  31 | loss 3.1485 | val EPE 1.543 px | D1 10.28% | 17s (ema)
  new best EPE 1.543 px -> runs\kitti_mixed_sampled768\best.pt
  epoch  32 step     0/88 loss 2.7906 lr 1.00e-04
  epoch  32 step    50/88 loss 3.1365 lr 1.00e-04
epoch  32 | loss 3.2534 | val EPE 1.530 px | D1 10.16% | 17s (ema)
  new best EPE 1.530 px -> runs\kitti_mixed_sampled768\best.pt
  epoch  33 step     0/88 loss 3.0926 lr 1.00e-04
  epoch  33 step    50/88 loss 3.2986 lr 1.00e-04
epoch  33 | loss 3.1907 | val EPE 1.518 px | D1 10.04% | 14s (ema)
  new best EPE 1.518 px -> runs\kitti_mixed_sampled768\best.pt
  epoch  34 step     0/88 loss 2.6775 lr 9.99e-05
  epoch  34 step    50/88 loss 2.9546 lr 9.99e-05
epoch  34 | loss 2.9814 | val EPE 1.506 px | D1 9.92% | 14s (ema)
  new best EPE 1.506 px -> runs\kitti_mixed_sampled768\best.pt
  epoch  35 step     0/88 loss 2.4431 lr 9.99e-05
  epoch  35 step    50/88 loss 2.9863 lr 9.99e-05
epoch  35 | loss 2.9860 | val EPE 1.496 px | D1 9.83% | 17s (ema)
  new best EPE 1.496 px -> runs\kitti_mixed_sampled768\best.pt
  epoch  36 step     0/88 loss 4.1002 lr 9.99e-05
  epoch  36 step    50/88 loss 2.9702 lr 9.99e-05
epoch  36 | loss 3.0161 | val EPE 1.488 px | D1 9.75% | 17s (ema)
  new best EPE 1.488 px -> runs\kitti_mixed_sampled768\best.pt
  epoch  37 step     0/88 loss 2.6366 lr 9.98e-05
  epoch  37 step    50/88 loss 2.9837 lr 9.98e-05
epoch  37 | loss 2.9450 | val EPE 1.479 px | D1 9.67% | 16s (ema)
  new best EPE 1.479 px -> runs\kitti_mixed_sampled768\best.pt
  epoch  38 step     0/88 loss 3.2269 lr 9.98e-05
  epoch  38 step    50/88 loss 2.8590 lr 9.98e-05
epoch  38 | loss 2.9257 | val EPE 1.472 px | D1 9.59% | 17s (ema)
  new best EPE 1.472 px -> runs\kitti_mixed_sampled768\best.pt
  epoch  39 step     0/88 loss 3.5831 lr 9.97e-05
  epoch  39 step    50/88 loss 2.9716 lr 9.97e-05
epoch  39 | loss 2.8937 | val EPE 1.464 px | D1 9.52% | 17s (ema)
  new best EPE 1.464 px -> runs\kitti_mixed_sampled768\best.pt
  epoch  40 step     0/88 loss 3.6540 lr 9.97e-05
  epoch  40 step    50/88 loss 3.1238 lr 9.96e-05
epoch  40 | loss 2.9892 | val EPE 1.458 px | D1 9.45% | 17s (ema)
  new best EPE 1.458 px -> runs\kitti_mixed_sampled768\best.pt
  epoch  41 step     0/88 loss 2.5645 lr 9.96e-05
  epoch  41 step    50/88 loss 2.7827 lr 9.95e-05
epoch  41 | loss 2.8743 | val EPE 1.452 px | D1 9.39% | 17s (ema)
  new best EPE 1.452 px -> runs\kitti_mixed_sampled768\best.pt
  epoch  42 step     0/88 loss 2.3490 lr 9.95e-05
  epoch  42 step    50/88 loss 2.8926 lr 9.95e-05
epoch  42 | loss 2.8284 | val EPE 1.446 px | D1 9.32% | 17s (ema)
  new best EPE 1.446 px -> runs\kitti_mixed_sampled768\best.pt
  epoch  43 step     0/88 loss 2.5713 lr 9.94e-05
  epoch  43 step    50/88 loss 2.9759 lr 9.94e-05
epoch  43 | loss 2.9927 | val EPE 1.442 px | D1 9.27% | 16s (ema)
  new best EPE 1.442 px -> runs\kitti_mixed_sampled768\best.pt
  epoch  44 step     0/88 loss 3.8084 lr 9.93e-05
  epoch  44 step    50/88 loss 2.7901 lr 9.93e-05
epoch  44 | loss 2.7779 | val EPE 1.437 px | D1 9.22% | 16s (ema)
  new best EPE 1.437 px -> runs\kitti_mixed_sampled768\best.pt
  epoch  45 step     0/88 loss 2.8544 lr 9.92e-05
  epoch  45 step    50/88 loss 2.6738 lr 9.92e-05
epoch  45 | loss 2.6916 | val EPE 1.432 px | D1 9.16% | 17s (ema)
  new best EPE 1.432 px -> runs\kitti_mixed_sampled768\best.pt
  epoch  46 step     0/88 loss 2.6598 lr 9.91e-05
  epoch  46 step    50/88 loss 2.8814 lr 9.91e-05
epoch  46 | loss 2.9318 | val EPE 1.428 px | D1 9.12% | 17s (ema)
  new best EPE 1.428 px -> runs\kitti_mixed_sampled768\best.pt
  epoch  47 step     0/88 loss 1.7223 lr 9.90e-05
  epoch  47 step    50/88 loss 2.7311 lr 9.90e-05
epoch  47 | loss 2.6914 | val EPE 1.423 px | D1 9.08% | 17s (ema)
  new best EPE 1.423 px -> runs\kitti_mixed_sampled768\best.pt
  epoch  48 step     0/88 loss 2.2785 lr 9.89e-05
  epoch  48 step    50/88 loss 2.9477 lr 9.88e-05
epoch  48 | loss 2.8629 | val EPE 1.420 px | D1 9.03% | 17s (ema)
  new best EPE 1.420 px -> runs\kitti_mixed_sampled768\best.pt
  epoch  49 step     0/88 loss 2.7550 lr 9.88e-05
  epoch  49 step    50/88 loss 2.7145 lr 9.87e-05
epoch  49 | loss 2.6093 | val EPE 1.416 px | D1 8.98% | 16s (ema)
  new best EPE 1.416 px -> runs\kitti_mixed_sampled768\best.pt
  epoch  50 step     0/88 loss 1.7270 lr 9.86e-05
  epoch  50 step    50/88 loss 2.4484 lr 9.86e-05
epoch  50 | loss 2.5763 | val EPE 1.413 px | D1 8.94% | 17s (ema)
  new best EPE 1.413 px -> runs\kitti_mixed_sampled768\best.pt
  epoch  51 step     0/88 loss 2.4267 lr 9.85e-05
  epoch  51 step    50/88 loss 2.7027 lr 9.84e-05
epoch  51 | loss 2.7616 | val EPE 1.410 px | D1 8.90% | 18s (ema)
  new best EPE 1.410 px -> runs\kitti_mixed_sampled768\best.pt
  epoch  52 step     0/88 loss 2.3899 lr 9.84e-05
  epoch  52 step    50/88 loss 2.5476 lr 9.83e-05
epoch  52 | loss 2.6077 | val EPE 1.405 px | D1 8.85% | 17s (ema)
  new best EPE 1.405 px -> runs\kitti_mixed_sampled768\best.pt
  epoch  53 step     0/88 loss 2.9968 lr 9.82e-05
  epoch  53 step    50/88 loss 2.5927 lr 9.81e-05
epoch  53 | loss 2.5897 | val EPE 1.403 px | D1 8.81% | 18s (ema)
  new best EPE 1.403 px -> runs\kitti_mixed_sampled768\best.pt
  epoch  54 step     0/88 loss 3.7843 lr 9.81e-05
  epoch  54 step    50/88 loss 2.5844 lr 9.80e-05
epoch  54 | loss 2.6740 | val EPE 1.398 px | D1 8.76% | 18s (ema)
  new best EPE 1.398 px -> runs\kitti_mixed_sampled768\best.pt
  epoch  55 step     0/88 loss 1.7326 lr 9.79e-05
  epoch  55 step    50/88 loss 2.7655 lr 9.78e-05
epoch  55 | loss 2.6695 | val EPE 1.395 px | D1 8.72% | 17s (ema)
  new best EPE 1.395 px -> runs\kitti_mixed_sampled768\best.pt
  epoch  56 step     0/88 loss 2.6564 lr 9.77e-05
  epoch  56 step    50/88 loss 2.6025 lr 9.76e-05
epoch  56 | loss 2.6520 | val EPE 1.391 px | D1 8.69% | 17s (ema)
  new best EPE 1.391 px -> runs\kitti_mixed_sampled768\best.pt
  epoch  57 step     0/88 loss 2.9970 lr 9.75e-05
  epoch  57 step    50/88 loss 2.6811 lr 9.74e-05
epoch  57 | loss 2.6478 | val EPE 1.387 px | D1 8.64% | 17s (ema)
  new best EPE 1.387 px -> runs\kitti_mixed_sampled768\best.pt
  epoch  58 step     0/88 loss 1.9368 lr 9.74e-05
  epoch  58 step    50/88 loss 2.4452 lr 9.73e-05
epoch  58 | loss 2.4182 | val EPE 1.383 px | D1 8.58% | 17s (ema)
  new best EPE 1.383 px -> runs\kitti_mixed_sampled768\best.pt
  epoch  59 step     0/88 loss 1.5139 lr 9.72e-05
  epoch  59 step    50/88 loss 2.4666 lr 9.71e-05
epoch  59 | loss 2.5060 | val EPE 1.380 px | D1 8.55% | 17s (ema)
  new best EPE 1.380 px -> runs\kitti_mixed_sampled768\best.pt
  epoch  60 step     0/88 loss 2.0931 lr 9.70e-05
  epoch  60 step    50/88 loss 2.7101 lr 9.69e-05
epoch  60 | loss 2.6757 | val EPE 1.378 px | D1 8.50% | 17s (ema)
  new best EPE 1.378 px -> runs\kitti_mixed_sampled768\best.pt
  epoch  61 step     0/88 loss 1.9697 lr 9.68e-05
  epoch  61 step    50/88 loss 2.4310 lr 9.67e-05
epoch  61 | loss 2.4952 | val EPE 1.374 px | D1 8.48% | 17s (ema)
  new best EPE 1.374 px -> runs\kitti_mixed_sampled768\best.pt
  epoch  62 step     0/88 loss 2.9043 lr 9.66e-05
  epoch  62 step    50/88 loss 2.5294 lr 9.64e-05
epoch  62 | loss 2.4921 | val EPE 1.372 px | D1 8.45% | 17s (ema)
  new best EPE 1.372 px -> runs\kitti_mixed_sampled768\best.pt
  epoch  63 step     0/88 loss 2.7742 lr 9.64e-05
  epoch  63 step    50/88 loss 2.4142 lr 9.62e-05
epoch  63 | loss 2.3984 | val EPE 1.370 px | D1 8.43% | 16s (ema)
  new best EPE 1.370 px -> runs\kitti_mixed_sampled768\best.pt
  epoch  64 step     0/88 loss 3.0022 lr 9.61e-05
  epoch  64 step    50/88 loss 2.4431 lr 9.60e-05
epoch  64 | loss 2.4481 | val EPE 1.368 px | D1 8.40% | 15s (ema)
  new best EPE 1.368 px -> runs\kitti_mixed_sampled768\best.pt
  epoch  65 step     0/88 loss 1.8060 lr 9.59e-05
  epoch  65 step    50/88 loss 2.4286 lr 9.58e-05
epoch  65 | loss 2.5091 | val EPE 1.367 px | D1 8.37% | 18s (ema)
  new best EPE 1.367 px -> runs\kitti_mixed_sampled768\best.pt
  epoch  66 step     0/88 loss 1.9282 lr 9.57e-05
  epoch  66 step    50/88 loss 2.2966 lr 9.55e-05
epoch  66 | loss 2.3455 | val EPE 1.365 px | D1 8.33% | 16s (ema)
  new best EPE 1.365 px -> runs\kitti_mixed_sampled768\best.pt
  epoch  67 step     0/88 loss 1.8669 lr 9.54e-05
  epoch  67 step    50/88 loss 2.4404 lr 9.53e-05
epoch  67 | loss 2.4026 | val EPE 1.364 px | D1 8.31% | 17s (ema)
  new best EPE 1.364 px -> runs\kitti_mixed_sampled768\best.pt
  epoch  68 step     0/88 loss 2.9066 lr 9.52e-05
  epoch  68 step    50/88 loss 2.3596 lr 9.50e-05
epoch  68 | loss 2.3390 | val EPE 1.362 px | D1 8.28% | 18s (ema)
  new best EPE 1.362 px -> runs\kitti_mixed_sampled768\best.pt
  epoch  69 step     0/88 loss 1.9970 lr 9.49e-05
  epoch  69 step    50/88 loss 2.3144 lr 9.48e-05
epoch  69 | loss 2.2881 | val EPE 1.360 px | D1 8.26% | 14s (ema)
  new best EPE 1.360 px -> runs\kitti_mixed_sampled768\best.pt
  epoch  70 step     0/88 loss 2.2303 lr 9.47e-05
  epoch  70 step    50/88 loss 2.4254 lr 9.45e-05
epoch  70 | loss 2.4112 | val EPE 1.358 px | D1 8.24% | 14s (ema)
  new best EPE 1.358 px -> runs\kitti_mixed_sampled768\best.pt
  epoch  71 step     0/88 loss 1.7011 lr 9.44e-05
  epoch  71 step    50/88 loss 2.2967 lr 9.43e-05
epoch  71 | loss 2.2582 | val EPE 1.355 px | D1 8.22% | 14s (ema)
  new best EPE 1.355 px -> runs\kitti_mixed_sampled768\best.pt
  epoch  72 step     0/88 loss 2.4049 lr 9.41e-05
  epoch  72 step    50/88 loss 2.4879 lr 9.40e-05
epoch  72 | loss 2.4148 | val EPE 1.352 px | D1 8.19% | 14s (ema)
  new best EPE 1.352 px -> runs\kitti_mixed_sampled768\best.pt
  epoch  73 step     0/88 loss 2.2244 lr 9.39e-05
  epoch  73 step    50/88 loss 2.4095 lr 9.37e-05
epoch  73 | loss 2.3755 | val EPE 1.347 px | D1 8.15% | 14s (ema)
  new best EPE 1.347 px -> runs\kitti_mixed_sampled768\best.pt
  epoch  74 step     0/88 loss 3.6054 lr 9.36e-05
  epoch  74 step    50/88 loss 2.2576 lr 9.34e-05
epoch  74 | loss 2.3764 | val EPE 1.344 px | D1 8.12% | 14s (ema)
  new best EPE 1.344 px -> runs\kitti_mixed_sampled768\best.pt
  epoch  75 step     0/88 loss 1.7176 lr 9.33e-05
  epoch  75 step    50/88 loss 2.2369 lr 9.31e-05
epoch  75 | loss 2.2794 | val EPE 1.341 px | D1 8.09% | 14s (ema)
  new best EPE 1.341 px -> runs\kitti_mixed_sampled768\best.pt
  epoch  76 step     0/88 loss 4.1039 lr 9.30e-05
  epoch  76 step    50/88 loss 2.4064 lr 9.28e-05
epoch  76 | loss 2.3984 | val EPE 1.338 px | D1 8.06% | 14s (ema)
  new best EPE 1.338 px -> runs\kitti_mixed_sampled768\best.pt
  epoch  77 step     0/88 loss 1.7281 lr 9.27e-05
  epoch  77 step    50/88 loss 2.2898 lr 9.25e-05
epoch  77 | loss 2.2510 | val EPE 1.335 px | D1 8.04% | 14s (ema)
  new best EPE 1.335 px -> runs\kitti_mixed_sampled768\best.pt
  epoch  78 step     0/88 loss 2.6933 lr 9.24e-05
  epoch  78 step    50/88 loss 2.4208 lr 9.22e-05
epoch  78 | loss 2.3753 | val EPE 1.335 px | D1 8.03% | 14s (ema)
  new best EPE 1.335 px -> runs\kitti_mixed_sampled768\best.pt
  epoch  79 step     0/88 loss 2.8192 lr 9.21e-05
  epoch  79 step    50/88 loss 2.3604 lr 9.19e-05
epoch  79 | loss 2.3530 | val EPE 1.334 px | D1 8.01% | 14s (ema)
  new best EPE 1.334 px -> runs\kitti_mixed_sampled768\best.pt
  epoch  80 step     0/88 loss 2.0315 lr 9.18e-05
  epoch  80 step    50/88 loss 2.2364 lr 9.16e-05
epoch  80 | loss 2.1910 | val EPE 1.333 px | D1 8.00% | 14s (ema)
  new best EPE 1.333 px -> runs\kitti_mixed_sampled768\best.pt
  epoch  81 step     0/88 loss 2.4581 lr 9.14e-05
  epoch  81 step    50/88 loss 2.0846 lr 9.13e-05
epoch  81 | loss 2.1985 | val EPE 1.331 px | D1 7.99% | 14s (ema)
  new best EPE 1.331 px -> runs\kitti_mixed_sampled768\best.pt
  epoch  82 step     0/88 loss 3.4430 lr 9.11e-05
  epoch  82 step    50/88 loss 2.1558 lr 9.09e-05
epoch  82 | loss 2.1660 | val EPE 1.329 px | D1 7.98% | 14s (ema)
  new best EPE 1.329 px -> runs\kitti_mixed_sampled768\best.pt
  epoch  83 step     0/88 loss 2.7060 lr 9.08e-05
  epoch  83 step    50/88 loss 2.3931 lr 9.06e-05
epoch  83 | loss 2.3856 | val EPE 1.327 px | D1 7.96% | 17s (ema)
  new best EPE 1.327 px -> runs\kitti_mixed_sampled768\best.pt
  epoch  84 step     0/88 loss 1.8886 lr 9.04e-05
  epoch  84 step    50/88 loss 2.2943 lr 9.02e-05
epoch  84 | loss 2.2437 | val EPE 1.326 px | D1 7.94% | 17s (ema)
  new best EPE 1.326 px -> runs\kitti_mixed_sampled768\best.pt
  epoch  85 step     0/88 loss 4.1124 lr 9.01e-05
  epoch  85 step    50/88 loss 2.2121 lr 8.99e-05
epoch  85 | loss 2.1915 | val EPE 1.324 px | D1 7.92% | 16s (ema)
  new best EPE 1.324 px -> runs\kitti_mixed_sampled768\best.pt
  epoch  86 step     0/88 loss 1.7746 lr 8.97e-05
  epoch  86 step    50/88 loss 2.2612 lr 8.95e-05
epoch  86 | loss 2.2519 | val EPE 1.322 px | D1 7.88% | 17s (ema)
  new best EPE 1.322 px -> runs\kitti_mixed_sampled768\best.pt
  epoch  87 step     0/88 loss 1.5521 lr 8.94e-05
  epoch  87 step    50/88 loss 2.2721 lr 8.92e-05
epoch  87 | loss 2.2832 | val EPE 1.321 px | D1 7.86% | 15s (ema)
  new best EPE 1.321 px -> runs\kitti_mixed_sampled768\best.pt
  epoch  88 step     0/88 loss 1.8937 lr 8.90e-05
  epoch  88 step    50/88 loss 2.2702 lr 8.88e-05
epoch  88 | loss 2.2175 | val EPE 1.321 px | D1 7.84% | 19s (ema)
  new best EPE 1.321 px -> runs\kitti_mixed_sampled768\best.pt
  epoch  89 step     0/88 loss 2.2013 lr 8.87e-05
  epoch  89 step    50/88 loss 2.1848 lr 8.85e-05
epoch  89 | loss 2.1523 | val EPE 1.320 px | D1 7.82% | 15s (ema)
  new best EPE 1.320 px -> runs\kitti_mixed_sampled768\best.pt
  epoch  90 step     0/88 loss 1.7586 lr 8.83e-05
  epoch  90 step    50/88 loss 2.0579 lr 8.81e-05
epoch  90 | loss 2.0494 | val EPE 1.318 px | D1 7.80% | 18s (ema)
  new best EPE 1.318 px -> runs\kitti_mixed_sampled768\best.pt
  epoch  91 step     0/88 loss 2.1249 lr 8.79e-05
  epoch  91 step    50/88 loss 2.0817 lr 8.77e-05
epoch  91 | loss 2.1480 | val EPE 1.319 px | D1 7.78% | 18s (ema)
  epoch  92 step     0/88 loss 2.8169 lr 8.75e-05
  epoch  92 step    50/88 loss 2.1760 lr 8.73e-05
epoch  92 | loss 2.2769 | val EPE 1.318 px | D1 7.77% | 19s (ema)
  epoch  93 step     0/88 loss 1.6344 lr 8.71e-05
  epoch  93 step    50/88 loss 2.2205 lr 8.69e-05
epoch  93 | loss 2.2029 | val EPE 1.318 px | D1 7.75% | 18s (ema)
  epoch  94 step     0/88 loss 1.7267 lr 8.68e-05
  epoch  94 step    50/88 loss 2.2928 lr 8.65e-05
epoch  94 | loss 2.1972 | val EPE 1.317 px | D1 7.74% | 18s (ema)
  new best EPE 1.317 px -> runs\kitti_mixed_sampled768\best.pt
  epoch  95 step     0/88 loss 1.8671 lr 8.64e-05
  epoch  95 step    50/88 loss 2.0934 lr 8.61e-05
epoch  95 | loss 2.0500 | val EPE 1.316 px | D1 7.73% | 17s (ema)
  new best EPE 1.316 px -> runs\kitti_mixed_sampled768\best.pt
  epoch  96 step     0/88 loss 1.9671 lr 8.60e-05
  epoch  96 step    50/88 loss 2.0386 lr 8.57e-05
epoch  96 | loss 2.0827 | val EPE 1.315 px | D1 7.72% | 17s (ema)
  new best EPE 1.315 px -> runs\kitti_mixed_sampled768\best.pt
  epoch  97 step     0/88 loss 1.7956 lr 8.56e-05
  epoch  97 step    50/88 loss 2.2078 lr 8.53e-05
epoch  97 | loss 2.1668 | val EPE 1.313 px | D1 7.70% | 17s (ema)
  new best EPE 1.313 px -> runs\kitti_mixed_sampled768\best.pt
  epoch  98 step     0/88 loss 2.2281 lr 8.51e-05
  epoch  98 step    50/88 loss 2.1549 lr 8.49e-05
epoch  98 | loss 2.1434 | val EPE 1.312 px | D1 7.67% | 17s (ema)
  new best EPE 1.312 px -> runs\kitti_mixed_sampled768\best.pt
  epoch  99 step     0/88 loss 1.8970 lr 8.47e-05
  epoch  99 step    50/88 loss 2.1032 lr 8.45e-05
epoch  99 | loss 2.1153 | val EPE 1.310 px | D1 7.65% | 18s (ema)
  new best EPE 1.310 px -> runs\kitti_mixed_sampled768\best.pt
  epoch 100 step     0/88 loss 2.4232 lr 8.43e-05
  epoch 100 step    50/88 loss 2.1879 lr 8.41e-05
epoch 100 | loss 2.1262 | val EPE 1.308 px | D1 7.64% | 17s (ema)
  new best EPE 1.308 px -> runs\kitti_mixed_sampled768\best.pt
  epoch 101 step     0/88 loss 1.6213 lr 8.39e-05
  epoch 101 step    50/88 loss 2.2281 lr 8.36e-05
epoch 101 | loss 2.2414 | val EPE 1.305 px | D1 7.61% | 17s (ema)
  new best EPE 1.305 px -> runs\kitti_mixed_sampled768\best.pt
  epoch 102 step     0/88 loss 1.4970 lr 8.34e-05
  epoch 102 step    50/88 loss 1.9450 lr 8.32e-05
epoch 102 | loss 1.9949 | val EPE 1.302 px | D1 7.59% | 17s (ema)
  new best EPE 1.302 px -> runs\kitti_mixed_sampled768\best.pt
  epoch 103 step     0/88 loss 3.4602 lr 8.30e-05
  epoch 103 step    50/88 loss 2.1020 lr 8.28e-05
epoch 103 | loss 2.0657 | val EPE 1.300 px | D1 7.56% | 17s (ema)
  new best EPE 1.300 px -> runs\kitti_mixed_sampled768\best.pt
  epoch 104 step     0/88 loss 1.6193 lr 8.26e-05
  epoch 104 step    50/88 loss 2.0468 lr 8.23e-05
epoch 104 | loss 2.0585 | val EPE 1.299 px | D1 7.55% | 17s (ema)
  new best EPE 1.299 px -> runs\kitti_mixed_sampled768\best.pt
  epoch 105 step     0/88 loss 2.5495 lr 8.21e-05
  epoch 105 step    50/88 loss 2.0340 lr 8.19e-05
epoch 105 | loss 2.0286 | val EPE 1.298 px | D1 7.53% | 17s (ema)
  new best EPE 1.298 px -> runs\kitti_mixed_sampled768\best.pt
  epoch 106 step     0/88 loss 1.8395 lr 8.17e-05
  epoch 106 step    50/88 loss 2.0740 lr 8.14e-05
epoch 106 | loss 2.1330 | val EPE 1.297 px | D1 7.53% | 14s (ema)
  new best EPE 1.297 px -> runs\kitti_mixed_sampled768\best.pt
  epoch 107 step     0/88 loss 1.7311 lr 8.12e-05
  epoch 107 step    50/88 loss 2.1426 lr 8.10e-05
epoch 107 | loss 2.2227 | val EPE 1.295 px | D1 7.52% | 14s (ema)
  new best EPE 1.295 px -> runs\kitti_mixed_sampled768\best.pt
  epoch 108 step     0/88 loss 1.9649 lr 8.08e-05
  epoch 108 step    50/88 loss 2.0805 lr 8.05e-05
epoch 108 | loss 2.0104 | val EPE 1.294 px | D1 7.50% | 14s (ema)
  new best EPE 1.294 px -> runs\kitti_mixed_sampled768\best.pt
  epoch 109 step     0/88 loss 1.6080 lr 8.03e-05
  epoch 109 step    50/88 loss 2.0882 lr 8.00e-05
epoch 109 | loss 2.0699 | val EPE 1.290 px | D1 7.48% | 14s (ema)
  new best EPE 1.290 px -> runs\kitti_mixed_sampled768\best.pt
  epoch 110 step     0/88 loss 2.2248 lr 7.98e-05
  epoch 110 step    50/88 loss 2.0642 lr 7.96e-05
epoch 110 | loss 2.0466 | val EPE 1.288 px | D1 7.46% | 14s (ema)
  new best EPE 1.288 px -> runs\kitti_mixed_sampled768\best.pt
  epoch 111 step     0/88 loss 1.3801 lr 7.94e-05
  epoch 111 step    50/88 loss 1.9505 lr 7.91e-05
epoch 111 | loss 2.0372 | val EPE 1.286 px | D1 7.44% | 14s (ema)
  new best EPE 1.286 px -> runs\kitti_mixed_sampled768\best.pt
  epoch 112 step     0/88 loss 1.9915 lr 7.89e-05
  epoch 112 step    50/88 loss 2.0891 lr 7.86e-05
epoch 112 | loss 2.1005 | val EPE 1.285 px | D1 7.43% | 14s (ema)
  new best EPE 1.285 px -> runs\kitti_mixed_sampled768\best.pt
  epoch 113 step     0/88 loss 1.8254 lr 7.84e-05
  epoch 113 step    50/88 loss 2.0926 lr 7.82e-05
epoch 113 | loss 2.1087 | val EPE 1.284 px | D1 7.41% | 14s (ema)
  new best EPE 1.284 px -> runs\kitti_mixed_sampled768\best.pt
  epoch 114 step     0/88 loss 2.5061 lr 7.79e-05
  epoch 114 step    50/88 loss 1.9990 lr 7.77e-05
epoch 114 | loss 2.0060 | val EPE 1.283 px | D1 7.40% | 14s (ema)
  new best EPE 1.283 px -> runs\kitti_mixed_sampled768\best.pt
  epoch 115 step     0/88 loss 1.8469 lr 7.75e-05
  epoch 115 step    50/88 loss 2.0695 lr 7.72e-05
epoch 115 | loss 2.0428 | val EPE 1.281 px | D1 7.38% | 14s (ema)
  new best EPE 1.281 px -> runs\kitti_mixed_sampled768\best.pt
  epoch 116 step     0/88 loss 1.8845 lr 7.70e-05
  epoch 116 step    50/88 loss 1.9233 lr 7.67e-05
epoch 116 | loss 1.9454 | val EPE 1.279 px | D1 7.37% | 14s (ema)
  new best EPE 1.279 px -> runs\kitti_mixed_sampled768\best.pt
  epoch 117 step     0/88 loss 1.8761 lr 7.65e-05
  epoch 117 step    50/88 loss 2.0194 lr 7.62e-05
epoch 117 | loss 2.0576 | val EPE 1.278 px | D1 7.37% | 14s (ema)
  new best EPE 1.278 px -> runs\kitti_mixed_sampled768\best.pt
  epoch 118 step     0/88 loss 1.2843 lr 7.60e-05
  epoch 118 step    50/88 loss 1.9413 lr 7.57e-05
epoch 118 | loss 1.9509 | val EPE 1.275 px | D1 7.36% | 14s (ema)
  new best EPE 1.275 px -> runs\kitti_mixed_sampled768\best.pt
  epoch 119 step     0/88 loss 1.4672 lr 7.55e-05
  epoch 119 step    50/88 loss 1.9237 lr 7.52e-05
epoch 119 | loss 1.9413 | val EPE 1.273 px | D1 7.34% | 14s (ema)
  new best EPE 1.273 px -> runs\kitti_mixed_sampled768\best.pt
  epoch 120 step     0/88 loss 2.1049 lr 7.50e-05
  epoch 120 step    50/88 loss 1.8844 lr 7.47e-05
epoch 120 | loss 1.9160 | val EPE 1.272 px | D1 7.33% | 15s (ema)
  new best EPE 1.272 px -> runs\kitti_mixed_sampled768\best.pt
  epoch 121 step     0/88 loss 2.1964 lr 7.45e-05
  epoch 121 step    50/88 loss 2.1607 lr 7.42e-05
epoch 121 | loss 2.0754 | val EPE 1.271 px | D1 7.33% | 14s (ema)
  new best EPE 1.271 px -> runs\kitti_mixed_sampled768\best.pt
  epoch 122 step     0/88 loss 1.7779 lr 7.40e-05
  epoch 122 step    50/88 loss 1.8425 lr 7.37e-05
epoch 122 | loss 1.8910 | val EPE 1.271 px | D1 7.33% | 14s (ema)
  new best EPE 1.271 px -> runs\kitti_mixed_sampled768\best.pt
  epoch 123 step     0/88 loss 1.7547 lr 7.35e-05
  epoch 123 step    50/88 loss 1.9984 lr 7.32e-05
epoch 123 | loss 1.9801 | val EPE 1.270 px | D1 7.33% | 17s (ema)
  new best EPE 1.270 px -> runs\kitti_mixed_sampled768\best.pt
  epoch 124 step     0/88 loss 1.7311 lr 7.29e-05
  epoch 124 step    50/88 loss 1.9448 lr 7.27e-05
epoch 124 | loss 1.9093 | val EPE 1.269 px | D1 7.31% | 17s (ema)
  new best EPE 1.269 px -> runs\kitti_mixed_sampled768\best.pt
  epoch 125 step     0/88 loss 2.3482 lr 7.24e-05
  epoch 125 step    50/88 loss 2.0134 lr 7.21e-05
epoch 125 | loss 2.0531 | val EPE 1.269 px | D1 7.30% | 17s (ema)
  new best EPE 1.269 px -> runs\kitti_mixed_sampled768\best.pt
  epoch 126 step     0/88 loss 1.0380 lr 7.19e-05
  epoch 126 step    50/88 loss 1.8516 lr 7.16e-05
epoch 126 | loss 1.8696 | val EPE 1.268 px | D1 7.30% | 17s (ema)
  new best EPE 1.268 px -> runs\kitti_mixed_sampled768\best.pt
  epoch 127 step     0/88 loss 3.2124 lr 7.14e-05
  epoch 127 step    50/88 loss 1.9028 lr 7.11e-05
epoch 127 | loss 1.8983 | val EPE 1.266 px | D1 7.30% | 18s (ema)
  new best EPE 1.266 px -> runs\kitti_mixed_sampled768\best.pt
  epoch 128 step     0/88 loss 1.5873 lr 7.09e-05
  epoch 128 step    50/88 loss 2.0188 lr 7.06e-05
epoch 128 | loss 2.0283 | val EPE 1.267 px | D1 7.30% | 17s (ema)
  epoch 129 step     0/88 loss 1.6727 lr 7.03e-05
  epoch 129 step    50/88 loss 1.9298 lr 7.00e-05
epoch 129 | loss 1.9600 | val EPE 1.266 px | D1 7.29% | 17s (ema)
  new best EPE 1.266 px -> runs\kitti_mixed_sampled768\best.pt
  epoch 130 step     0/88 loss 1.9646 lr 6.98e-05
  epoch 130 step    50/88 loss 1.9829 lr 6.95e-05
epoch 130 | loss 1.9778 | val EPE 1.266 px | D1 7.30% | 17s (ema)
  new best EPE 1.266 px -> runs\kitti_mixed_sampled768\best.pt
  epoch 131 step     0/88 loss 1.5135 lr 6.93e-05
  epoch 131 step    50/88 loss 1.8307 lr 6.90e-05
epoch 131 | loss 1.8642 | val EPE 1.267 px | D1 7.31% | 17s (ema)
  epoch 132 step     0/88 loss 2.0996 lr 6.87e-05
  epoch 132 step    50/88 loss 2.0397 lr 6.84e-05
epoch 132 | loss 1.9453 | val EPE 1.266 px | D1 7.30% | 17s (ema)
  epoch 133 step     0/88 loss 3.5842 lr 6.82e-05
  epoch 133 step    50/88 loss 2.0331 lr 6.79e-05
epoch 133 | loss 1.9685 | val EPE 1.266 px | D1 7.29% | 17s (ema)
  epoch 134 step     0/88 loss 1.8963 lr 6.76e-05
  epoch 134 step    50/88 loss 1.9498 lr 6.73e-05
epoch 134 | loss 2.0144 | val EPE 1.265 px | D1 7.28% | 16s (ema)
  new best EPE 1.265 px -> runs\kitti_mixed_sampled768\best.pt
  epoch 135 step     0/88 loss 2.2853 lr 6.71e-05
  epoch 135 step    50/88 loss 1.9921 lr 6.68e-05
epoch 135 | loss 1.9886 | val EPE 1.265 px | D1 7.26% | 15s (ema)
  epoch 136 step     0/88 loss 2.3253 lr 6.65e-05
  epoch 136 step    50/88 loss 2.0199 lr 6.62e-05
epoch 136 | loss 2.0302 | val EPE 1.264 px | D1 7.25% | 15s (ema)
  new best EPE 1.264 px -> runs\kitti_mixed_sampled768\best.pt
  epoch 137 step     0/88 loss 1.8176 lr 6.60e-05
  epoch 137 step    50/88 loss 1.9400 lr 6.57e-05
epoch 137 | loss 1.9406 | val EPE 1.263 px | D1 7.23% | 15s (ema)
  new best EPE 1.263 px -> runs\kitti_mixed_sampled768\best.pt
  epoch 138 step     0/88 loss 2.0731 lr 6.54e-05
  epoch 138 step    50/88 loss 2.1464 lr 6.51e-05
epoch 138 | loss 2.0218 | val EPE 1.263 px | D1 7.23% | 15s (ema)
  epoch 139 step     0/88 loss 1.7828 lr 6.49e-05
  epoch 139 step    50/88 loss 1.8396 lr 6.46e-05
epoch 139 | loss 1.8667 | val EPE 1.262 px | D1 7.21% | 18s (ema)
  new best EPE 1.262 px -> runs\kitti_mixed_sampled768\best.pt
  epoch 140 step     0/88 loss 1.8458 lr 6.43e-05
  epoch 140 step    50/88 loss 2.0685 lr 6.40e-05
epoch 140 | loss 1.9805 | val EPE 1.261 px | D1 7.20% | 18s (ema)
  new best EPE 1.261 px -> runs\kitti_mixed_sampled768\best.pt
  epoch 141 step     0/88 loss 1.9605 lr 6.38e-05
  epoch 141 step    50/88 loss 1.9813 lr 6.35e-05
epoch 141 | loss 1.9159 | val EPE 1.262 px | D1 7.19% | 18s (ema)
  epoch 142 step     0/88 loss 1.3980 lr 6.32e-05
  epoch 142 step    50/88 loss 1.8014 lr 6.29e-05
epoch 142 | loss 1.7774 | val EPE 1.262 px | D1 7.18% | 17s (ema)
  epoch 143 step     0/88 loss 1.6682 lr 6.26e-05
  epoch 143 step    50/88 loss 1.9229 lr 6.23e-05
epoch 143 | loss 1.8365 | val EPE 1.261 px | D1 7.17% | 18s (ema)
  new best EPE 1.261 px -> runs\kitti_mixed_sampled768\best.pt
  epoch 144 step     0/88 loss 2.4182 lr 6.21e-05
  epoch 144 step    50/88 loss 1.9333 lr 6.18e-05
epoch 144 | loss 1.9130 | val EPE 1.260 px | D1 7.17% | 17s (ema)
  new best EPE 1.260 px -> runs\kitti_mixed_sampled768\best.pt
  epoch 145 step     0/88 loss 2.9742 lr 6.15e-05
  epoch 145 step    50/88 loss 1.9080 lr 6.12e-05
epoch 145 | loss 1.8956 | val EPE 1.258 px | D1 7.16% | 17s (ema)
  new best EPE 1.258 px -> runs\kitti_mixed_sampled768\best.pt
  epoch 146 step     0/88 loss 1.5510 lr 6.10e-05
  epoch 146 step    50/88 loss 1.8326 lr 6.06e-05
epoch 146 | loss 1.8866 | val EPE 1.256 px | D1 7.15% | 17s (ema)
  new best EPE 1.256 px -> runs\kitti_mixed_sampled768\best.pt
  epoch 147 step     0/88 loss 1.5545 lr 6.04e-05
  epoch 147 step    50/88 loss 1.8566 lr 6.01e-05
epoch 147 | loss 1.8739 | val EPE 1.255 px | D1 7.14% | 18s (ema)
  new best EPE 1.255 px -> runs\kitti_mixed_sampled768\best.pt
  epoch 148 step     0/88 loss 1.3264 lr 5.98e-05
  epoch 148 step    50/88 loss 1.9977 lr 5.95e-05
epoch 148 | loss 1.9679 | val EPE 1.255 px | D1 7.13% | 17s (ema)
  new best EPE 1.255 px -> runs\kitti_mixed_sampled768\best.pt
  epoch 149 step     0/88 loss 1.5381 lr 5.92e-05
  epoch 149 step    50/88 loss 2.0041 lr 5.89e-05
epoch 149 | loss 2.0634 | val EPE 1.254 px | D1 7.12% | 17s (ema)
  new best EPE 1.254 px -> runs\kitti_mixed_sampled768\best.pt
  epoch 150 step     0/88 loss 1.8072 lr 5.87e-05
  epoch 150 step    50/88 loss 1.8686 lr 5.83e-05
epoch 150 | loss 1.8844 | val EPE 1.253 px | D1 7.10% | 17s (ema)
  new best EPE 1.253 px -> runs\kitti_mixed_sampled768\best.pt
  epoch 151 step     0/88 loss 1.6542 lr 5.81e-05
  epoch 151 step    50/88 loss 1.8730 lr 5.78e-05
epoch 151 | loss 1.8725 | val EPE 1.252 px | D1 7.09% | 18s (ema)
  new best EPE 1.252 px -> runs\kitti_mixed_sampled768\best.pt
  epoch 152 step     0/88 loss 1.3261 lr 5.75e-05
  epoch 152 step    50/88 loss 1.7569 lr 5.72e-05
epoch 152 | loss 1.7809 | val EPE 1.250 px | D1 7.09% | 18s (ema)
  new best EPE 1.250 px -> runs\kitti_mixed_sampled768\best.pt
  epoch 153 step     0/88 loss 1.5170 lr 5.69e-05
  epoch 153 step    50/88 loss 1.8420 lr 5.66e-05
epoch 153 | loss 1.8098 | val EPE 1.250 px | D1 7.09% | 17s (ema)
  new best EPE 1.250 px -> runs\kitti_mixed_sampled768\best.pt
  epoch 154 step     0/88 loss 2.0277 lr 5.64e-05
  epoch 154 step    50/88 loss 1.8125 lr 5.60e-05
epoch 154 | loss 1.8307 | val EPE 1.250 px | D1 7.08% | 17s (ema)
  new best EPE 1.250 px -> runs\kitti_mixed_sampled768\best.pt
  epoch 155 step     0/88 loss 1.0759 lr 5.58e-05
  epoch 155 step    50/88 loss 1.7980 lr 5.55e-05
epoch 155 | loss 1.8513 | val EPE 1.250 px | D1 7.07% | 19s (ema)
kitti_mixed: 160 KITTI 2015 + 194 KITTI 2012 = 354 training frames (val stays the KITTI 2015 40)
disparity-aware sampling: 178 KITTI frames with GT >= 80 px weighted 3.0x, crops biased toward those rows
resumed from runs/kitti_mixed_sampled768/last.pt at epoch 156 (best EPE 1.250 px)
device cuda | train 354 | val 40 | crop 320x768 | batch 4
  epoch 156 step     0/88 loss 2.0332 lr 5.52e-05
  epoch 156 step    50/88 loss 2.1746 lr 5.49e-05
epoch 156 | loss 2.0873 | val EPE 1.249 px | D1 7.07% | 25s (ema)
  new best EPE 1.249 px -> runs\kitti_mixed_sampled768\best.pt
  epoch 157 step     0/88 loss 1.4915 lr 5.46e-05
  epoch 157 step    50/88 loss 1.8962 lr 5.43e-05
epoch 157 | loss 1.8875 | val EPE 1.248 px | D1 7.06% | 17s (ema)
  new best EPE 1.248 px -> runs\kitti_mixed_sampled768\best.pt
  epoch 158 step     0/88 loss 1.4149 lr 5.41e-05
  epoch 158 step    50/88 loss 1.7252 lr 5.37e-05
epoch 158 | loss 1.7668 | val EPE 1.248 px | D1 7.05% | 18s (ema)
  new best EPE 1.248 px -> runs\kitti_mixed_sampled768\best.pt
  epoch 159 step     0/88 loss 1.3528 lr 5.35e-05
  epoch 159 step    50/88 loss 1.8224 lr 5.31e-05
epoch 159 | loss 1.8459 | val EPE 1.246 px | D1 7.04% | 17s (ema)
  new best EPE 1.246 px -> runs\kitti_mixed_sampled768\best.pt
  epoch 160 step     0/88 loss 1.5980 lr 5.29e-05
  epoch 160 step    50/88 loss 1.7946 lr 5.26e-05
epoch 160 | loss 1.8261 | val EPE 1.246 px | D1 7.04% | 17s (ema)
  new best EPE 1.246 px -> runs\kitti_mixed_sampled768\best.pt
  epoch 161 step     0/88 loss 1.3130 lr 5.23e-05
  epoch 161 step    50/88 loss 1.9236 lr 5.20e-05
epoch 161 | loss 1.9083 | val EPE 1.245 px | D1 7.03% | 17s (ema)
  new best EPE 1.245 px -> runs\kitti_mixed_sampled768\best.pt
  epoch 162 step     0/88 loss 2.3932 lr 5.17e-05
  epoch 162 step    50/88 loss 1.8205 lr 5.14e-05
epoch 162 | loss 1.7918 | val EPE 1.245 px | D1 7.02% | 17s (ema)
  new best EPE 1.245 px -> runs\kitti_mixed_sampled768\best.pt
  epoch 163 step     0/88 loss 1.3059 lr 5.12e-05
  epoch 163 step    50/88 loss 1.8268 lr 5.08e-05
epoch 163 | loss 1.8289 | val EPE 1.245 px | D1 7.03% | 17s (ema)
  new best EPE 1.245 px -> runs\kitti_mixed_sampled768\best.pt
  epoch 164 step     0/88 loss 1.6665 lr 5.06e-05
  epoch 164 step    50/88 loss 1.9324 lr 5.02e-05
epoch 164 | loss 1.9110 | val EPE 1.245 px | D1 7.03% | 17s (ema)
  epoch 165 step     0/88 loss 1.4969 lr 5.00e-05
  epoch 165 step    50/88 loss 1.8742 lr 4.97e-05
epoch 165 | loss 1.8502 | val EPE 1.247 px | D1 7.04% | 18s (ema)
  epoch 166 step     0/88 loss 1.6301 lr 4.94e-05
  epoch 166 step    50/88 loss 1.7674 lr 4.91e-05
epoch 166 | loss 1.8461 | val EPE 1.248 px | D1 7.05% | 18s (ema)
  epoch 167 step     0/88 loss 1.5137 lr 4.88e-05
  epoch 167 step    50/88 loss 1.6415 lr 4.85e-05
epoch 167 | loss 1.7322 | val EPE 1.248 px | D1 7.05% | 17s (ema)
  epoch 168 step     0/88 loss 1.8856 lr 4.82e-05
  epoch 168 step    50/88 loss 1.8392 lr 4.79e-05
epoch 168 | loss 1.8137 | val EPE 1.246 px | D1 7.04% | 19s (ema)
  epoch 169 step     0/88 loss 1.4149 lr 4.77e-05
  epoch 169 step    50/88 loss 1.6802 lr 4.73e-05
epoch 169 | loss 1.7691 | val EPE 1.245 px | D1 7.03% | 18s (ema)
  epoch 170 step     0/88 loss 1.7849 lr 4.71e-05
  epoch 170 step    50/88 loss 1.6915 lr 4.67e-05
epoch 170 | loss 1.7458 | val EPE 1.246 px | D1 7.03% | 16s (ema)
  epoch 171 step     0/88 loss 1.5502 lr 4.65e-05
  epoch 171 step    50/88 loss 1.8094 lr 4.62e-05
epoch 171 | loss 1.8416 | val EPE 1.246 px | D1 7.03% | 20s (ema)
  epoch 172 step     0/88 loss 1.7808 lr 4.59e-05
  epoch 172 step    50/88 loss 1.8506 lr 4.56e-05
epoch 172 | loss 1.8008 | val EPE 1.246 px | D1 7.03% | 21s (ema)
  epoch 173 step     0/88 loss 1.6574 lr 4.53e-05
  epoch 173 step    50/88 loss 1.6829 lr 4.50e-05
epoch 173 | loss 1.7319 | val EPE 1.246 px | D1 7.03% | 19s (ema)
  epoch 174 step     0/88 loss 2.0612 lr 4.48e-05
  epoch 174 step    50/88 loss 1.8988 lr 4.44e-05
epoch 174 | loss 1.8237 | val EPE 1.246 px | D1 7.02% | 20s (ema)
kitti_mixed: 160 KITTI 2015 + 194 KITTI 2012 = 354 training frames (val stays the KITTI 2015 40)
disparity-aware sampling: 178 KITTI frames with GT >= 80 px weighted 3.0x, crops biased toward those rows
resumed from runs/kitti_mixed_sampled768/last.pt at epoch 175 (best EPE 1.245 px)
device cuda | train 354 | val 40 | crop 320x768 | batch 4
  epoch 175 step     0/88 loss 1.5352 lr 4.42e-05
  epoch 175 step    50/88 loss 1.8036 lr 4.39e-05
epoch 175 | loss 1.7397 | val EPE 1.246 px | D1 7.01% | 24s (ema)
  epoch 176 step     0/88 loss 1.8639 lr 4.36e-05
  epoch 176 step    50/88 loss 1.7599 lr 4.33e-05
epoch 176 | loss 1.7785 | val EPE 1.247 px | D1 7.01% | 17s (ema)
  epoch 177 step     0/88 loss 2.2574 lr 4.30e-05
  epoch 177 step    50/88 loss 1.8703 lr 4.27e-05
epoch 177 | loss 1.8164 | val EPE 1.247 px | D1 7.01% | 18s (ema)
  epoch 178 step     0/88 loss 1.6921 lr 4.25e-05
  epoch 178 step    50/88 loss 1.6610 lr 4.21e-05
epoch 178 | loss 1.7319 | val EPE 1.248 px | D1 7.02% | 18s (ema)
  epoch 179 step     0/88 loss 2.2947 lr 4.19e-05
  epoch 179 step    50/88 loss 1.8644 lr 4.16e-05
epoch 179 | loss 1.8620 | val EPE 1.247 px | D1 7.01% | 17s (ema)
  epoch 180 step     0/88 loss 1.0882 lr 4.13e-05
  epoch 180 step    50/88 loss 1.7886 lr 4.10e-05
epoch 180 | loss 1.7796 | val EPE 1.246 px | D1 7.01% | 17s (ema)
  epoch 181 step     0/88 loss 1.6568 lr 4.07e-05
  epoch 181 step    50/88 loss 1.7860 lr 4.04e-05
epoch 181 | loss 1.7946 | val EPE 1.246 px | D1 7.02% | 18s (ema)
  epoch 182 step     0/88 loss 1.6253 lr 4.02e-05
  epoch 182 step    50/88 loss 1.7544 lr 3.98e-05
epoch 182 | loss 1.7743 | val EPE 1.247 px | D1 7.02% | 18s (ema)
  epoch 183 step     0/88 loss 1.6418 lr 3.96e-05
  epoch 183 step    50/88 loss 1.7373 lr 3.93e-05
epoch 183 | loss 1.7797 | val EPE 1.248 px | D1 7.02% | 17s (ema)
  epoch 184 step     0/88 loss 1.5321 lr 3.90e-05
  epoch 184 step    50/88 loss 1.6202 lr 3.87e-05
epoch 184 | loss 1.6462 | val EPE 1.247 px | D1 7.01% | 17s (ema)
  epoch 185 step     0/88 loss 1.3156 lr 3.85e-05
  epoch 185 step    50/88 loss 1.6620 lr 3.81e-05
epoch 185 | loss 1.7646 | val EPE 1.247 px | D1 7.01% | 19s (ema)
  epoch 186 step     0/88 loss 1.1021 lr 3.79e-05
  epoch 186 step    50/88 loss 1.7180 lr 3.76e-05
epoch 186 | loss 1.7252 | val EPE 1.247 px | D1 7.00% | 19s (ema)
  epoch 187 step     0/88 loss 2.1477 lr 3.73e-05
  epoch 187 step    50/88 loss 1.8201 lr 3.70e-05
epoch 187 | loss 1.7562 | val EPE 1.246 px | D1 6.99% | 18s (ema)
  epoch 188 step     0/88 loss 2.0247 lr 3.68e-05
  epoch 188 step    50/88 loss 1.7829 lr 3.64e-05
epoch 188 | loss 1.7875 | val EPE 1.245 px | D1 6.98% | 17s (ema)
  new best EPE 1.245 px -> runs\kitti_mixed_sampled768\best.pt
  epoch 189 step     0/88 loss 1.8552 lr 3.62e-05
  epoch 189 step    50/88 loss 1.7107 lr 3.59e-05
epoch 189 | loss 1.7001 | val EPE 1.244 px | D1 6.98% | 21s (ema)
kitti_mixed: 160 KITTI 2015 + 194 KITTI 2012 = 354 training frames (val stays the KITTI 2015 40)
disparity-aware sampling: 178 KITTI frames with GT >= 80 px weighted 3.0x, crops biased toward those rows
resumed from runs/kitti_mixed_sampled768/last.pt at epoch 190 (best EPE 1.244 px)
device cuda | train 354 | val 40 | crop 320x768 | batch 4
  epoch 190 step     0/88 loss 1.1966 lr 3.56e-05
  epoch 190 step    50/88 loss 1.8092 lr 3.53e-05
epoch 190 | loss 1.7915 | val EPE 1.244 px | D1 6.98% | 18s (ema)
  new best EPE 1.244 px -> runs\kitti_mixed_sampled768\best.pt
  epoch 191 step     0/88 loss 1.2188 lr 3.51e-05
  epoch 191 step    50/88 loss 1.8201 lr 3.48e-05
epoch 191 | loss 1.7537 | val EPE 1.243 px | D1 6.98% | 14s (ema)
  new best EPE 1.243 px -> runs\kitti_mixed_sampled768\best.pt
  epoch 192 step     0/88 loss 1.5975 lr 3.45e-05
  epoch 192 step    50/88 loss 1.7864 lr 3.42e-05
epoch 192 | loss 1.7721 | val EPE 1.242 px | D1 6.97% | 14s (ema)
  new best EPE 1.242 px -> runs\kitti_mixed_sampled768\best.pt
  epoch 193 step     0/88 loss 2.7434 lr 3.40e-05
  epoch 193 step    50/88 loss 1.7848 lr 3.37e-05
epoch 193 | loss 1.8470 | val EPE 1.242 px | D1 6.97% | 14s (ema)
  new best EPE 1.242 px -> runs\kitti_mixed_sampled768\best.pt
  epoch 194 step     0/88 loss 1.3128 lr 3.34e-05
  epoch 194 step    50/88 loss 1.6607 lr 3.31e-05
epoch 194 | loss 1.6395 | val EPE 1.240 px | D1 6.96% | 14s (ema)
  new best EPE 1.240 px -> runs\kitti_mixed_sampled768\best.pt
  epoch 195 step     0/88 loss 1.4990 lr 3.29e-05
  epoch 195 step    50/88 loss 1.6624 lr 3.26e-05
epoch 195 | loss 1.7024 | val EPE 1.239 px | D1 6.96% | 14s (ema)
  new best EPE 1.239 px -> runs\kitti_mixed_sampled768\best.pt
  epoch 196 step     0/88 loss 1.2869 lr 3.23e-05
  epoch 196 step    50/88 loss 1.7802 lr 3.20e-05
epoch 196 | loss 1.8272 | val EPE 1.239 px | D1 6.96% | 14s (ema)
  new best EPE 1.239 px -> runs\kitti_mixed_sampled768\best.pt
  epoch 197 step     0/88 loss 2.2652 lr 3.18e-05
  epoch 197 step    50/88 loss 1.7015 lr 3.15e-05
epoch 197 | loss 1.7101 | val EPE 1.239 px | D1 6.96% | 14s (ema)
  new best EPE 1.239 px -> runs\kitti_mixed_sampled768\best.pt
  epoch 198 step     0/88 loss 1.3390 lr 3.13e-05
  epoch 198 step    50/88 loss 1.7697 lr 3.10e-05
epoch 198 | loss 1.7515 | val EPE 1.239 px | D1 6.96% | 14s (ema)
  epoch 199 step     0/88 loss 2.2830 lr 3.07e-05
  epoch 199 step    50/88 loss 1.7780 lr 3.04e-05
epoch 199 | loss 1.7246 | val EPE 1.240 px | D1 6.95% | 14s (ema)
  epoch 200 step     0/88 loss 1.4786 lr 3.02e-05
  epoch 200 step    50/88 loss 1.6162 lr 2.99e-05
epoch 200 | loss 1.6996 | val EPE 1.240 px | D1 6.95% | 15s (ema)
  epoch 201 step     0/88 loss 1.9663 lr 2.97e-05
  epoch 201 step    50/88 loss 1.7357 lr 2.93e-05
epoch 201 | loss 1.7145 | val EPE 1.240 px | D1 6.95% | 14s (ema)
  epoch 202 step     0/88 loss 1.7865 lr 2.91e-05
  epoch 202 step    50/88 loss 1.6422 lr 2.88e-05
epoch 202 | loss 1.6293 | val EPE 1.240 px | D1 6.94% | 14s (ema)
  epoch 203 step     0/88 loss 0.9301 lr 2.86e-05
  epoch 203 step    50/88 loss 1.6775 lr 2.83e-05
epoch 203 | loss 1.7393 | val EPE 1.240 px | D1 6.94% | 14s (ema)
  epoch 204 step     0/88 loss 2.1371 lr 2.81e-05
  epoch 204 step    50/88 loss 1.7060 lr 2.78e-05
epoch 204 | loss 1.6596 | val EPE 1.240 px | D1 6.95% | 15s (ema)
  epoch 205 step     0/88 loss 1.2173 lr 2.75e-05
  epoch 205 step    50/88 loss 1.8272 lr 2.73e-05
epoch 205 | loss 1.7626 | val EPE 1.239 px | D1 6.95% | 15s (ema)
  epoch 206 step     0/88 loss 2.3206 lr 2.70e-05
  epoch 206 step    50/88 loss 1.6924 lr 2.67e-05
epoch 206 | loss 1.6936 | val EPE 1.239 px | D1 6.94% | 14s (ema)
  epoch 207 step     0/88 loss 2.4084 lr 2.65e-05
  epoch 207 step    50/88 loss 1.6952 lr 2.62e-05
epoch 207 | loss 1.6462 | val EPE 1.238 px | D1 6.93% | 14s (ema)
  new best EPE 1.238 px -> runs\kitti_mixed_sampled768\best.pt
  epoch 208 step     0/88 loss 1.4449 lr 2.60e-05
  epoch 208 step    50/88 loss 1.6826 lr 2.57e-05
epoch 208 | loss 1.7307 | val EPE 1.237 px | D1 6.93% | 15s (ema)
  new best EPE 1.237 px -> runs\kitti_mixed_sampled768\best.pt
  epoch 209 step     0/88 loss 0.9950 lr 2.55e-05
  epoch 209 step    50/88 loss 1.5551 lr 2.52e-05
epoch 209 | loss 1.5918 | val EPE 1.237 px | D1 6.92% | 15s (ema)
  new best EPE 1.237 px -> runs\kitti_mixed_sampled768\best.pt
  epoch 210 step     0/88 loss 1.0453 lr 2.50e-05
  epoch 210 step    50/88 loss 1.7271 lr 2.47e-05
epoch 210 | loss 1.6912 | val EPE 1.237 px | D1 6.92% | 14s (ema)
  new best EPE 1.237 px -> runs\kitti_mixed_sampled768\best.pt
  epoch 211 step     0/88 loss 1.3704 lr 2.45e-05
  epoch 211 step    50/88 loss 1.6285 lr 2.42e-05
epoch 211 | loss 1.6830 | val EPE 1.236 px | D1 6.91% | 14s (ema)
  new best EPE 1.236 px -> runs\kitti_mixed_sampled768\best.pt
  epoch 212 step     0/88 loss 2.1687 lr 2.40e-05
  epoch 212 step    50/88 loss 1.6121 lr 2.37e-05
epoch 212 | loss 1.6490 | val EPE 1.235 px | D1 6.91% | 15s (ema)
  new best EPE 1.235 px -> runs\kitti_mixed_sampled768\best.pt
  epoch 213 step     0/88 loss 1.9670 lr 2.35e-05
  epoch 213 step    50/88 loss 1.7940 lr 2.32e-05
epoch 213 | loss 1.7068 | val EPE 1.234 px | D1 6.91% | 14s (ema)
  new best EPE 1.234 px -> runs\kitti_mixed_sampled768\best.pt
  epoch 214 step     0/88 loss 1.6240 lr 2.30e-05
  epoch 214 step    50/88 loss 1.6776 lr 2.27e-05
epoch 214 | loss 1.6824 | val EPE 1.235 px | D1 6.92% | 14s (ema)
  epoch 215 step     0/88 loss 1.2657 lr 2.25e-05
  epoch 215 step    50/88 loss 1.6661 lr 2.22e-05
epoch 215 | loss 1.7457 | val EPE 1.235 px | D1 6.93% | 14s (ema)
  epoch 216 step     0/88 loss 2.1110 lr 2.20e-05
  epoch 216 step    50/88 loss 1.7012 lr 2.18e-05
epoch 216 | loss 1.6945 | val EPE 1.235 px | D1 6.93% | 15s (ema)
  epoch 217 step     0/88 loss 1.7637 lr 2.15e-05
  epoch 217 step    50/88 loss 1.7754 lr 2.13e-05
epoch 217 | loss 1.7812 | val EPE 1.235 px | D1 6.93% | 14s (ema)
  epoch 218 step     0/88 loss 1.2146 lr 2.11e-05
  epoch 218 step    50/88 loss 1.6999 lr 2.08e-05
epoch 218 | loss 1.7034 | val EPE 1.234 px | D1 6.93% | 14s (ema)
  new best EPE 1.234 px -> runs\kitti_mixed_sampled768\best.pt
  epoch 219 step     0/88 loss 2.1352 lr 2.06e-05
  epoch 219 step    50/88 loss 1.6233 lr 2.03e-05
epoch 219 | loss 1.5838 | val EPE 1.234 px | D1 6.93% | 14s (ema)
  new best EPE 1.234 px -> runs\kitti_mixed_sampled768\best.pt
  epoch 220 step     0/88 loss 1.5814 lr 2.01e-05
  epoch 220 step    50/88 loss 1.8006 lr 1.99e-05
epoch 220 | loss 1.7588 | val EPE 1.234 px | D1 6.93% | 14s (ema)
  epoch 221 step     0/88 loss 1.4554 lr 1.97e-05
  epoch 221 step    50/88 loss 1.7085 lr 1.94e-05
epoch 221 | loss 1.6748 | val EPE 1.235 px | D1 6.94% | 14s (ema)
  epoch 222 step     0/88 loss 2.1076 lr 1.92e-05
  epoch 222 step    50/88 loss 1.5603 lr 1.89e-05
epoch 222 | loss 1.6446 | val EPE 1.235 px | D1 6.95% | 14s (ema)
  epoch 223 step     0/88 loss 1.3440 lr 1.88e-05
  epoch 223 step    50/88 loss 1.6489 lr 1.85e-05
epoch 223 | loss 1.6937 | val EPE 1.236 px | D1 6.95% | 14s (ema)
  epoch 224 step     0/88 loss 1.1544 lr 1.83e-05
  epoch 224 step    50/88 loss 1.6667 lr 1.80e-05
epoch 224 | loss 1.6553 | val EPE 1.236 px | D1 6.95% | 14s (ema)
  epoch 225 step     0/88 loss 1.0373 lr 1.79e-05
  epoch 225 step    50/88 loss 1.6767 lr 1.76e-05
epoch 225 | loss 1.6442 | val EPE 1.237 px | D1 6.95% | 14s (ema)
  epoch 226 step     0/88 loss 1.7582 lr 1.74e-05
  epoch 226 step    50/88 loss 1.6698 lr 1.72e-05
epoch 226 | loss 1.7013 | val EPE 1.238 px | D1 6.96% | 15s (ema)
  epoch 227 step     0/88 loss 3.5317 lr 1.70e-05
  epoch 227 step    50/88 loss 1.7303 lr 1.67e-05
epoch 227 | loss 1.7218 | val EPE 1.238 px | D1 6.96% | 15s (ema)
  epoch 228 step     0/88 loss 1.4040 lr 1.65e-05
  epoch 228 step    50/88 loss 1.6674 lr 1.63e-05
epoch 228 | loss 1.6478 | val EPE 1.239 px | D1 6.98% | 16s (ema)
  epoch 229 step     0/88 loss 1.5653 lr 1.61e-05
  epoch 229 step    50/88 loss 1.8101 lr 1.59e-05
epoch 229 | loss 1.7592 | val EPE 1.240 px | D1 6.98% | 16s (ema)
  epoch 230 step     0/88 loss 1.7274 lr 1.57e-05
  epoch 230 step    50/88 loss 1.6952 lr 1.54e-05
epoch 230 | loss 1.6940 | val EPE 1.240 px | D1 6.98% | 16s (ema)
  epoch 231 step     0/88 loss 1.4912 lr 1.53e-05
  epoch 231 step    50/88 loss 1.7573 lr 1.50e-05
epoch 231 | loss 1.7380 | val EPE 1.240 px | D1 6.98% | 16s (ema)
  epoch 232 step     0/88 loss 1.3476 lr 1.48e-05
  epoch 232 step    50/88 loss 1.6996 lr 1.46e-05
epoch 232 | loss 1.7292 | val EPE 1.240 px | D1 6.98% | 16s (ema)
  epoch 233 step     0/88 loss 2.5087 lr 1.44e-05
  epoch 233 step    50/88 loss 1.6270 lr 1.42e-05
epoch 233 | loss 1.6178 | val EPE 1.240 px | D1 6.98% | 16s (ema)
  epoch 234 step     0/88 loss 1.1562 lr 1.40e-05
  epoch 234 step    50/88 loss 1.6668 lr 1.38e-05
epoch 234 | loss 1.6395 | val EPE 1.240 px | D1 6.98% | 17s (ema)
  epoch 235 step     0/88 loss 2.2122 lr 1.36e-05
  epoch 235 step    50/88 loss 1.6444 lr 1.34e-05
epoch 235 | loss 1.6504 | val EPE 1.239 px | D1 6.98% | 16s (ema)
  epoch 236 step     0/88 loss 1.6978 lr 1.32e-05
  epoch 236 step    50/88 loss 1.7196 lr 1.30e-05
epoch 236 | loss 1.6927 | val EPE 1.238 px | D1 6.98% | 16s (ema)
  epoch 237 step     0/88 loss 1.3933 lr 1.28e-05
  epoch 237 step    50/88 loss 1.6324 lr 1.26e-05
epoch 237 | loss 1.6502 | val EPE 1.237 px | D1 6.98% | 16s (ema)
  epoch 238 step     0/88 loss 1.9104 lr 1.24e-05
  epoch 238 step    50/88 loss 1.7482 lr 1.22e-05
epoch 238 | loss 1.7071 | val EPE 1.237 px | D1 6.97% | 16s (ema)
  epoch 239 step     0/88 loss 1.3063 lr 1.21e-05
  epoch 239 step    50/88 loss 1.6207 lr 1.19e-05
epoch 239 | loss 1.6586 | val EPE 1.237 px | D1 6.98% | 16s (ema)
  epoch 240 step     0/88 loss 1.5304 lr 1.17e-05
  epoch 240 step    50/88 loss 1.7460 lr 1.15e-05
epoch 240 | loss 1.7375 | val EPE 1.236 px | D1 6.97% | 16s (ema)
  epoch 241 step     0/88 loss 1.8296 lr 1.13e-05
  epoch 241 step    50/88 loss 1.6296 lr 1.11e-05
epoch 241 | loss 1.6682 | val EPE 1.236 px | D1 6.97% | 16s (ema)
  epoch 242 step     0/88 loss 1.7314 lr 1.10e-05
  epoch 242 step    50/88 loss 1.5918 lr 1.07e-05
epoch 242 | loss 1.6809 | val EPE 1.236 px | D1 6.97% | 16s (ema)
  epoch 243 step     0/88 loss 1.2300 lr 1.06e-05
  epoch 243 step    50/88 loss 1.7425 lr 1.04e-05
epoch 243 | loss 1.7546 | val EPE 1.237 px | D1 6.97% | 17s (ema)
  epoch 244 step     0/88 loss 1.2616 lr 1.02e-05
  epoch 244 step    50/88 loss 1.8007 lr 1.00e-05
epoch 244 | loss 1.7691 | val EPE 1.237 px | D1 6.97% | 16s (ema)
  epoch 245 step     0/88 loss 1.7913 lr 9.89e-06
  epoch 245 step    50/88 loss 1.6455 lr 9.69e-06
epoch 245 | loss 1.5838 | val EPE 1.237 px | D1 6.96% | 16s (ema)
  epoch 246 step     0/88 loss 1.6170 lr 9.54e-06
  epoch 246 step    50/88 loss 1.6515 lr 9.35e-06
epoch 246 | loss 1.6177 | val EPE 1.237 px | D1 6.97% | 17s (ema)
  epoch 247 step     0/88 loss 1.0702 lr 9.20e-06
  epoch 247 step    50/88 loss 1.5677 lr 9.01e-06
epoch 247 | loss 1.5811 | val EPE 1.238 px | D1 6.97% | 17s (ema)
  epoch 248 step     0/88 loss 2.2121 lr 8.87e-06
  epoch 248 step    50/88 loss 1.5860 lr 8.68e-06
epoch 248 | loss 1.5507 | val EPE 1.237 px | D1 6.96% | 17s (ema)
  epoch 249 step     0/88 loss 1.2893 lr 8.54e-06
  epoch 249 step    50/88 loss 1.5917 lr 8.36e-06
epoch 249 | loss 1.6362 | val EPE 1.237 px | D1 6.96% | 16s (ema)
  epoch 250 step     0/88 loss 1.4790 lr 8.22e-06
  epoch 250 step    50/88 loss 1.7129 lr 8.04e-06
epoch 250 | loss 1.7575 | val EPE 1.237 px | D1 6.96% | 17s (ema)
  epoch 251 step     0/88 loss 1.1182 lr 7.90e-06
  epoch 251 step    50/88 loss 1.6653 lr 7.72e-06
epoch 251 | loss 1.6616 | val EPE 1.237 px | D1 6.96% | 16s (ema)
  epoch 252 step     0/88 loss 1.5190 lr 7.59e-06
  epoch 252 step    50/88 loss 1.6925 lr 7.42e-06
epoch 252 | loss 1.7250 | val EPE 1.237 px | D1 6.96% | 16s (ema)
  epoch 253 step     0/88 loss 1.7687 lr 7.29e-06
  epoch 253 step    50/88 loss 1.6246 lr 7.11e-06
epoch 253 | loss 1.6007 | val EPE 1.237 px | D1 6.96% | 16s (ema)
  epoch 254 step     0/88 loss 1.4236 lr 6.99e-06
  epoch 254 step    50/88 loss 1.6313 lr 6.82e-06
epoch 254 | loss 1.6453 | val EPE 1.237 px | D1 6.96% | 17s (ema)
  epoch 255 step     0/88 loss 2.5614 lr 6.69e-06
  epoch 255 step    50/88 loss 1.7511 lr 6.53e-06
epoch 255 | loss 1.6776 | val EPE 1.237 px | D1 6.96% | 17s (ema)
  epoch 256 step     0/88 loss 1.6546 lr 6.40e-06
  epoch 256 step    50/88 loss 1.5793 lr 6.24e-06
epoch 256 | loss 1.5806 | val EPE 1.237 px | D1 6.96% | 17s (ema)
  epoch 257 step     0/88 loss 1.6653 lr 6.12e-06
  epoch 257 step    50/88 loss 1.6547 lr 5.97e-06
epoch 257 | loss 1.6567 | val EPE 1.237 px | D1 6.95% | 17s (ema)
  epoch 258 step     0/88 loss 1.5626 lr 5.85e-06
  epoch 258 step    50/88 loss 1.6546 lr 5.69e-06
epoch 258 | loss 1.5925 | val EPE 1.237 px | D1 6.95% | 17s (ema)
  epoch 259 step     0/88 loss 2.0747 lr 5.58e-06
  epoch 259 step    50/88 loss 1.6867 lr 5.43e-06
epoch 259 | loss 1.6725 | val EPE 1.237 px | D1 6.96% | 17s (ema)
  epoch 260 step     0/88 loss 1.4287 lr 5.31e-06
  epoch 260 step    50/88 loss 1.6283 lr 5.17e-06
epoch 260 | loss 1.6225 | val EPE 1.237 px | D1 6.96% | 18s (ema)
  epoch 261 step     0/88 loss 1.3427 lr 5.05e-06
  epoch 261 step    50/88 loss 1.6166 lr 4.91e-06
epoch 261 | loss 1.6431 | val EPE 1.237 px | D1 6.96% | 16s (ema)
  epoch 262 step     0/88 loss 1.3244 lr 4.80e-06
  epoch 262 step    50/88 loss 1.5949 lr 4.66e-06
epoch 262 | loss 1.5880 | val EPE 1.237 px | D1 6.96% | 17s (ema)
  epoch 263 step     0/88 loss 1.9036 lr 4.56e-06
  epoch 263 step    50/88 loss 1.6883 lr 4.42e-06
epoch 263 | loss 1.7190 | val EPE 1.237 px | D1 6.95% | 17s (ema)
  epoch 264 step     0/88 loss 1.8133 lr 4.32e-06
  epoch 264 step    50/88 loss 1.6651 lr 4.18e-06
epoch 264 | loss 1.7010 | val EPE 1.237 px | D1 6.96% | 17s (ema)
  epoch 265 step     0/88 loss 3.3176 lr 4.08e-06
  epoch 265 step    50/88 loss 1.6151 lr 3.95e-06
epoch 265 | loss 1.6423 | val EPE 1.237 px | D1 6.95% | 17s (ema)
  epoch 266 step     0/88 loss 1.4987 lr 3.86e-06
  epoch 266 step    50/88 loss 1.6591 lr 3.73e-06
epoch 266 | loss 1.6267 | val EPE 1.237 px | D1 6.95% | 16s (ema)
  epoch 267 step     0/88 loss 1.1995 lr 3.64e-06
  epoch 267 step    50/88 loss 1.7079 lr 3.51e-06
epoch 267 | loss 1.6954 | val EPE 1.237 px | D1 6.95% | 16s (ema)
  epoch 268 step     0/88 loss 1.1802 lr 3.42e-06
  epoch 268 step    50/88 loss 1.7041 lr 3.30e-06
epoch 268 | loss 1.6515 | val EPE 1.237 px | D1 6.95% | 16s (ema)
  epoch 269 step     0/88 loss 1.1158 lr 3.21e-06
  epoch 269 step    50/88 loss 1.6058 lr 3.10e-06
epoch 269 | loss 1.6245 | val EPE 1.237 px | D1 6.95% | 16s (ema)
  epoch 270 step     0/88 loss 2.9773 lr 3.01e-06
  epoch 270 step    50/88 loss 1.6143 lr 2.90e-06
epoch 270 | loss 1.6556 | val EPE 1.237 px | D1 6.94% | 16s (ema)
  epoch 271 step     0/88 loss 0.9256 lr 2.82e-06
  epoch 271 step    50/88 loss 1.7382 lr 2.71e-06
epoch 271 | loss 1.6709 | val EPE 1.237 px | D1 6.95% | 16s (ema)
  epoch 272 step     0/88 loss 1.2184 lr 2.63e-06
  epoch 272 step    50/88 loss 1.6496 lr 2.52e-06
epoch 272 | loss 1.6634 | val EPE 1.237 px | D1 6.94% | 16s (ema)
  epoch 273 step     0/88 loss 1.3339 lr 2.44e-06
  epoch 273 step    50/88 loss 1.6210 lr 2.34e-06
epoch 273 | loss 1.6209 | val EPE 1.237 px | D1 6.94% | 16s (ema)
  epoch 274 step     0/88 loss 1.6567 lr 2.27e-06
  epoch 274 step    50/88 loss 1.5997 lr 2.17e-06
epoch 274 | loss 1.6748 | val EPE 1.237 px | D1 6.94% | 16s (ema)
  epoch 275 step     0/88 loss 2.0449 lr 2.10e-06
  epoch 275 step    50/88 loss 1.7415 lr 2.00e-06
epoch 275 | loss 1.7366 | val EPE 1.237 px | D1 6.95% | 16s (ema)
  epoch 276 step     0/88 loss 1.1760 lr 1.93e-06
  epoch 276 step    50/88 loss 1.5872 lr 1.84e-06
epoch 276 | loss 1.5855 | val EPE 1.237 px | D1 6.95% | 16s (ema)
  epoch 277 step     0/88 loss 1.3371 lr 1.78e-06
  epoch 277 step    50/88 loss 1.6502 lr 1.69e-06
epoch 277 | loss 1.6412 | val EPE 1.237 px | D1 6.95% | 16s (ema)
  epoch 278 step     0/88 loss 2.2728 lr 1.63e-06
  epoch 278 step    50/88 loss 1.5086 lr 1.54e-06
epoch 278 | loss 1.5636 | val EPE 1.237 px | D1 6.95% | 16s (ema)
  epoch 279 step     0/88 loss 1.5500 lr 1.48e-06
  epoch 279 step    50/88 loss 1.6226 lr 1.40e-06
epoch 279 | loss 1.6427 | val EPE 1.237 px | D1 6.95% | 16s (ema)
  epoch 280 step     0/88 loss 1.1074 lr 1.35e-06
  epoch 280 step    50/88 loss 1.7086 lr 1.27e-06
epoch 280 | loss 1.7112 | val EPE 1.237 px | D1 6.95% | 16s (ema)
  epoch 281 step     0/88 loss 1.6552 lr 1.21e-06
  epoch 281 step    50/88 loss 1.6421 lr 1.14e-06
epoch 281 | loss 1.6733 | val EPE 1.237 px | D1 6.95% | 16s (ema)
  epoch 282 step     0/88 loss 1.3677 lr 1.09e-06
  epoch 282 step    50/88 loss 1.6085 lr 1.02e-06
epoch 282 | loss 1.6073 | val EPE 1.237 px | D1 6.95% | 16s (ema)
  epoch 283 step     0/88 loss 2.2140 lr 9.73e-07
  epoch 283 step    50/88 loss 1.7027 lr 9.09e-07
epoch 283 | loss 1.6619 | val EPE 1.237 px | D1 6.95% | 16s (ema)
  epoch 284 step     0/88 loss 1.5306 lr 8.62e-07
  epoch 284 step    50/88 loss 1.5943 lr 8.02e-07
epoch 284 | loss 1.5867 | val EPE 1.237 px | D1 6.95% | 16s (ema)
  epoch 285 step     0/88 loss 1.2955 lr 7.58e-07
  epoch 285 step    50/88 loss 1.5069 lr 7.01e-07
epoch 285 | loss 1.5767 | val EPE 1.237 px | D1 6.95% | 16s (ema)
  epoch 286 step     0/88 loss 1.8003 lr 6.60e-07
  epoch 286 step    50/88 loss 1.5254 lr 6.08e-07
epoch 286 | loss 1.5896 | val EPE 1.238 px | D1 6.95% | 16s (ema)
  epoch 287 step     0/88 loss 1.6337 lr 5.69e-07
  epoch 287 step    50/88 loss 1.6990 lr 5.21e-07
epoch 287 | loss 1.6719 | val EPE 1.238 px | D1 6.95% | 16s (ema)
  epoch 288 step     0/88 loss 1.0485 lr 4.85e-07
  epoch 288 step    50/88 loss 1.7074 lr 4.40e-07
epoch 288 | loss 1.6748 | val EPE 1.237 px | D1 6.94% | 16s (ema)
  epoch 289 step     0/88 loss 1.2728 lr 4.08e-07
  epoch 289 step    50/88 loss 1.6288 lr 3.67e-07
epoch 289 | loss 1.6372 | val EPE 1.237 px | D1 6.94% | 16s (ema)
  epoch 290 step     0/88 loss 1.2405 lr 3.37e-07
  epoch 290 step    50/88 loss 1.7324 lr 3.00e-07
epoch 290 | loss 1.7016 | val EPE 1.237 px | D1 6.94% | 16s (ema)
  epoch 291 step     0/88 loss 2.4683 lr 2.73e-07
  epoch 291 step    50/88 loss 1.8204 lr 2.40e-07
epoch 291 | loss 1.7558 | val EPE 1.238 px | D1 6.94% | 16s (ema)
  epoch 292 step     0/88 loss 1.6360 lr 2.16e-07
  epoch 292 step    50/88 loss 1.6758 lr 1.86e-07
epoch 292 | loss 1.6517 | val EPE 1.238 px | D1 6.94% | 16s (ema)
  epoch 293 step     0/88 loss 1.8042 lr 1.65e-07
  epoch 293 step    50/88 loss 1.6275 lr 1.39e-07
epoch 293 | loss 1.5574 | val EPE 1.238 px | D1 6.94% | 16s (ema)
  epoch 294 step     0/88 loss 1.7016 lr 1.21e-07
  epoch 294 step    50/88 loss 1.6499 lr 9.94e-08
epoch 294 | loss 1.6426 | val EPE 1.238 px | D1 6.94% | 16s (ema)
  epoch 295 step     0/88 loss 2.2137 lr 8.42e-08
  epoch 295 step    50/88 loss 1.7090 lr 6.62e-08
epoch 295 | loss 1.7194 | val EPE 1.238 px | D1 6.94% | 16s (ema)
  epoch 296 step     0/88 loss 1.1911 lr 5.39e-08
  epoch 296 step    50/88 loss 1.6036 lr 3.97e-08
epoch 296 | loss 1.6292 | val EPE 1.238 px | D1 6.94% | 16s (ema)
  epoch 297 step     0/88 loss 1.3822 lr 3.04e-08
  epoch 297 step    50/88 loss 1.6384 lr 2.00e-08
epoch 297 | loss 1.6510 | val EPE 1.238 px | D1 6.94% | 16s (ema)
  epoch 298 step     0/88 loss 1.0601 lr 1.36e-08
  epoch 298 step    50/88 loss 1.6709 lr 7.12e-09
epoch 298 | loss 1.6656 | val EPE 1.238 px | D1 6.94% | 16s (ema)
  epoch 299 step     0/88 loss 1.2009 lr 3.63e-09
  epoch 299 step    50/88 loss 1.5776 lr 9.66e-10
epoch 299 | loss 1.6193 | val EPE 1.238 px | D1 6.93% | 16s (ema)

done. best val EPE 1.234 px
reference: Hailo stereonet reports 8.223 float / 10.3 quantized on KITTI
