C:\Microchip\hailo-stereo\src\train.py:203: UserWarning: Detected call of `lr_scheduler.step()` before `optimizer.step()`. In PyTorch 1.1.0 and later, you should call them in the opposite order: `optimizer.step()` before `lr_scheduler.step()`.  Failure to do this will result in PyTorch skipping the first value of the learning rate schedule. See more details at https://pytorch.org/docs/stable/optim.html#how-to-adjust-learning-rate
  sched.step()
initialised strictly from runs/sceneflow_full/last.pt
device cuda | train 4312 | val 88 | crop 256x512 | batch 16
  epoch   0 step     0/269 loss 6.0013 lr 1.20e-05
  epoch   0 step    50/269 loss 7.1414 lr 2.49e-05
  epoch   0 step   100/269 loss 7.1854 lr 6.04e-05
  epoch   0 step   150/269 loss 7.3604 lr 1.12e-04
  epoch   0 step   200/269 loss 7.6992 lr 1.72e-04
  epoch   0 step   250/269 loss 7.7511 lr 2.29e-04
epoch   0 | loss 7.7752 | val EPE 2.949 px | D1 16.70% | 125s
  new best EPE 2.949 px -> runs\sceneflow_cont\best.pt
  epoch   1 step     0/269 loss 6.7523 lr 2.47e-04
  epoch   1 step    50/269 loss 7.5829 lr 2.85e-04
  epoch   1 step   100/269 loss 7.6655 lr 3.00e-04
  epoch   1 step   150/269 loss 7.5400 lr 3.00e-04
  epoch   1 step   200/269 loss 7.7179 lr 2.99e-04
  epoch   1 step   250/269 loss 7.6303 lr 2.99e-04
epoch   1 | loss 7.6270 | val EPE 2.935 px | D1 16.38% | 139s
  new best EPE 2.935 px -> runs\sceneflow_cont\best.pt
  epoch   2 step     0/269 loss 6.4286 lr 2.98e-04
  epoch   2 step    50/269 loss 7.2922 lr 2.97e-04
  epoch   2 step   100/269 loss 7.8641 lr 2.96e-04
  epoch   2 step   150/269 loss 7.8315 lr 2.94e-04
  epoch   2 step   200/269 loss 7.6370 lr 2.92e-04
  epoch   2 step   250/269 loss 7.5388 lr 2.89e-04
epoch   2 | loss 7.4919 | val EPE 2.875 px | D1 15.97% | 148s
  new best EPE 2.875 px -> runs\sceneflow_cont\best.pt
  epoch   3 step     0/269 loss 6.9557 lr 2.88e-04
  epoch   3 step    50/269 loss 7.5105 lr 2.85e-04
  epoch   3 step   100/269 loss 7.5945 lr 2.82e-04
  epoch   3 step   150/269 loss 7.5046 lr 2.79e-04
  epoch   3 step   200/269 loss 7.4915 lr 2.75e-04
  epoch   3 step   250/269 loss 7.6439 lr 2.71e-04
epoch   3 | loss 7.6663 | val EPE 2.814 px | D1 15.95% | 164s
  new best EPE 2.814 px -> runs\sceneflow_cont\best.pt
  epoch   4 step     0/269 loss 9.1767 lr 2.69e-04
  epoch   4 step    50/269 loss 7.5063 lr 2.65e-04
  epoch   4 step   100/269 loss 7.5695 lr 2.60e-04
  epoch   4 step   150/269 loss 7.5530 lr 2.56e-04
  epoch   4 step   200/269 loss 7.4522 lr 2.51e-04
  epoch   4 step   250/269 loss 7.4427 lr 2.45e-04
epoch   4 | loss 7.4058 | val EPE 2.812 px | D1 15.91% | 162s
  new best EPE 2.812 px -> runs\sceneflow_cont\best.pt
  epoch   5 step     0/269 loss 9.9862 lr 2.43e-04
  epoch   5 step    50/269 loss 7.2341 lr 2.38e-04
  epoch   5 step   100/269 loss 7.2067 lr 2.32e-04
  epoch   5 step   150/269 loss 7.2485 lr 2.26e-04
  epoch   5 step   200/269 loss 7.3238 lr 2.20e-04
  epoch   5 step   250/269 loss 7.3097 lr 2.14e-04
epoch   5 | loss 7.3460 | val EPE 2.800 px | D1 15.94% | 152s
  new best EPE 2.800 px -> runs\sceneflow_cont\best.pt
  epoch   6 step     0/269 loss 6.9794 lr 2.11e-04
  epoch   6 step    50/269 loss 7.5854 lr 2.05e-04
  epoch   6 step   100/269 loss 7.3352 lr 1.99e-04
  epoch   6 step   150/269 loss 7.3425 lr 1.92e-04
  epoch   6 step   200/269 loss 7.2960 lr 1.85e-04
  epoch   6 step   250/269 loss 7.1882 lr 1.78e-04
epoch   6 | loss 7.1084 | val EPE 2.771 px | D1 15.54% | 156s
  new best EPE 2.771 px -> runs\sceneflow_cont\best.pt
  epoch   7 step     0/269 loss 8.6217 lr 1.76e-04
  epoch   7 step    50/269 loss 7.5664 lr 1.69e-04
  epoch   7 step   100/269 loss 7.7647 lr 1.62e-04
  epoch   7 step   150/269 loss 7.6268 lr 1.55e-04
  epoch   7 step   200/269 loss 7.3505 lr 1.48e-04
  epoch   7 step   250/269 loss 7.2878 lr 1.41e-04
epoch   7 | loss 7.2676 | val EPE 2.692 px | D1 14.89% | 154s
  new best EPE 2.692 px -> runs\sceneflow_cont\best.pt
  epoch   8 step     0/269 loss 6.7310 lr 1.39e-04
  epoch   8 step    50/269 loss 6.6832 lr 1.32e-04
  epoch   8 step   100/269 loss 7.0275 lr 1.25e-04
  epoch   8 step   150/269 loss 7.1457 lr 1.18e-04
  epoch   8 step   200/269 loss 7.0837 lr 1.11e-04
  epoch   8 step   250/269 loss 7.1232 lr 1.04e-04
epoch   8 | loss 7.1528 | val EPE 2.649 px | D1 15.10% | 153s
  new best EPE 2.649 px -> runs\sceneflow_cont\best.pt
  epoch   9 step     0/269 loss 5.6302 lr 1.02e-04
  epoch   9 step    50/269 loss 7.3040 lr 9.54e-05
  epoch   9 step   100/269 loss 6.8746 lr 8.90e-05
  epoch   9 step   150/269 loss 7.0458 lr 8.27e-05
  epoch   9 step   200/269 loss 6.9391 lr 7.66e-05
  epoch   9 step   250/269 loss 6.9302 lr 7.06e-05
epoch   9 | loss 6.8904 | val EPE 2.667 px | D1 15.32% | 153s
  epoch  10 step     0/269 loss 7.1843 lr 6.84e-05
  epoch  10 step    50/269 loss 6.9243 lr 6.26e-05
  epoch  10 step   100/269 loss 6.7177 lr 5.71e-05
  epoch  10 step   150/269 loss 6.6759 lr 5.17e-05
  epoch  10 step   200/269 loss 6.6805 lr 4.66e-05
  epoch  10 step   250/269 loss 6.8177 lr 4.17e-05
epoch  10 | loss 6.7610 | val EPE 2.634 px | D1 14.99% | 166s
  new best EPE 2.634 px -> runs\sceneflow_cont\best.pt
  epoch  11 step     0/269 loss 7.5545 lr 3.99e-05
  epoch  11 step    50/269 loss 6.8577 lr 3.53e-05
  epoch  11 step   100/269 loss 6.5596 lr 3.09e-05
  epoch  11 step   150/269 loss 6.5083 lr 2.68e-05
  epoch  11 step   200/269 loss 6.6500 lr 2.30e-05
  epoch  11 step   250/269 loss 6.6970 lr 1.94e-05
epoch  11 | loss 6.7281 | val EPE 2.601 px | D1 14.84% | 167s
  new best EPE 2.601 px -> runs\sceneflow_cont\best.pt
  epoch  12 step     0/269 loss 6.4173 lr 1.81e-05
  epoch  12 step    50/269 loss 6.1381 lr 1.50e-05
  epoch  12 step   100/269 loss 6.5614 lr 1.21e-05
  epoch  12 step   150/269 loss 6.6107 lr 9.50e-06
  epoch  12 step   200/269 loss 6.5518 lr 7.22e-06
  epoch  12 step   250/269 loss 6.6242 lr 5.24e-06
epoch  12 | loss 6.6142 | val EPE 2.596 px | D1 14.88% | 169s
  new best EPE 2.596 px -> runs\sceneflow_cont\best.pt
  epoch  13 step     0/269 loss 5.3370 lr 4.57e-06
  epoch  13 step    50/269 loss 6.9261 lr 3.03e-06
  epoch  13 step   100/269 loss 7.0964 lr 1.79e-06
  epoch  13 step   150/269 loss 7.0965 lr 8.82e-07
  epoch  13 step   200/269 loss 7.1168 lr 2.90e-07
  epoch  13 step   250/269 loss 6.9636 lr 1.98e-08
epoch  13 | loss 7.0172 | val EPE 2.618 px | D1 14.90% | 158s

done. best val EPE 2.596 px
reference: Hailo stereonet reports 8.223 float / 10.3 quantized on KITTI
