C:\Microchip\hailo-stereo\src\train.py:203: UserWarning: Detected call of `lr_scheduler.step()` before `optimizer.step()`. In PyTorch 1.1.0 and later, you should call them in the opposite order: `optimizer.step()` before `lr_scheduler.step()`.  Failure to do this will result in PyTorch skipping the first value of the learning rate schedule. See more details at https://pytorch.org/docs/stable/optim.html#how-to-adjust-learning-rate
  sched.step()
initialised strictly from runs/sceneflow_full/last.pt
device cuda | train 4312 | val 88 | crop 256x512 | batch 16
  epoch   0 step     0/269 loss 9.6182 lr 1.20e-05
  epoch   0 step    50/269 loss 7.9650 lr 2.49e-05
  epoch   0 step   100/269 loss 7.6451 lr 6.04e-05
  epoch   0 step   150/269 loss 7.6267 lr 1.12e-04
  epoch   0 step   200/269 loss 7.6932 lr 1.72e-04
  epoch   0 step   250/269 loss 7.6701 lr 2.29e-04
epoch   0 | loss 7.7141 | val EPE 2.888 px | D1 16.62% | 151s
  new best EPE 2.888 px -> runs\sceneflow_cont\best.pt
  epoch   1 step     0/269 loss 6.8921 lr 2.47e-04
  epoch   1 step    50/269 loss 7.5386 lr 2.85e-04
  epoch   1 step   100/269 loss 7.6348 lr 3.00e-04
  epoch   1 step   150/269 loss 7.4927 lr 3.00e-04
  epoch   1 step   200/269 loss 7.6830 lr 2.99e-04
  epoch   1 step   250/269 loss 7.5579 lr 2.99e-04
epoch   1 | loss 7.6814 | val EPE 2.908 px | D1 16.60% | 227s
  epoch   2 step     0/269 loss 7.4352 lr 2.98e-04
  epoch   2 step    50/269 loss 7.3560 lr 2.97e-04
